19:07:36.320 [background-preinit] INFO  o.h.v.i.util.Version - [<clinit>,21] - HV000001: Hibernate Validator 8.0.1.Final
19:07:36.391 [restartedMain] INFO  c.d.DingyangmallApplication - [logStarting,50] - Starting DingyangmallApplication using Java 17.0.12 with PID 11744 (D:\work_boss\dingyangMall\JooLun-wx\dingyangmall-wx\dingyangmall-admin\target\classes started by 33475 in D:\work_boss\dingyangMall)
19:07:36.391 [restartedMain] INFO  c.d.DingyangmallApplication - [logStartupProfileInfo,660] - The following 1 profile is active: "druid"
19:07:42.932 [restartedMain] INFO  o.a.c.h.Http11NioProtocol - [log,173] - Initializing ProtocolHandler ["http-nio-7500"]
19:07:42.940 [restartedMain] INFO  o.a.c.c.StandardService - [log,173] - Starting service [Tomcat]
19:07:42.942 [restartedMain] INFO  o.a.c.c.StandardEngine - [log,173] - Starting Servlet engine: [Apache Tomcat/10.1.30]
19:07:43.060 [restartedMain] INFO  o.a.c.c.C.[.[.[/] - [log,173] - Initializing Spring embedded WebApplicationContext
19:07:46.478 [restartedMain] INFO  c.a.d.p.DruidDataSource - [init,1002] - {dataSource-1} inited
19:07:50.090 [restartedMain] INFO  c.a.d.p.DruidDataSource - [close,2204] - {dataSource-1} closing ...
19:07:50.100 [restartedMain] INFO  c.a.d.p.DruidDataSource - [close,2277] - {dataSource-1} closed
19:07:50.130 [restartedMain] INFO  o.a.c.c.StandardService - [log,173] - Stopping service [Tomcat]
19:08:57.271 [background-preinit] INFO  o.h.v.i.util.Version - [<clinit>,21] - HV000001: Hibernate Validator 8.0.1.Final
19:08:57.308 [restartedMain] INFO  c.d.DingyangmallApplication - [logStarting,50] - Starting DingyangmallApplication using Java 17.0.12 with PID 31944 (D:\work_boss\dingyangMall\JooLun-wx\dingyangmall-wx\dingyangmall-admin\target\classes started by 33475 in D:\work_boss\dingyangMall)
19:08:57.310 [restartedMain] INFO  c.d.DingyangmallApplication - [logStartupProfileInfo,660] - The following 1 profile is active: "druid"
19:09:00.222 [restartedMain] INFO  o.a.c.h.Http11NioProtocol - [log,173] - Initializing ProtocolHandler ["http-nio-7500"]
19:09:00.227 [restartedMain] INFO  o.a.c.c.StandardService - [log,173] - Starting service [Tomcat]
19:09:00.227 [restartedMain] INFO  o.a.c.c.StandardEngine - [log,173] - Starting Servlet engine: [Apache Tomcat/10.1.30]
19:09:00.298 [restartedMain] INFO  o.a.c.c.C.[.[.[/] - [log,173] - Initializing Spring embedded WebApplicationContext
19:09:01.406 [restartedMain] INFO  c.a.d.p.DruidDataSource - [init,1002] - {dataSource-1} inited
19:09:04.675 [restartedMain] INFO  c.d.w.c.c.WxMaAutoConfiguration - [wxMaService,45] - WxMaService 已初始化，appId=wx43adcb652c1b2b19
19:09:06.815 [restartedMain] INFO  o.a.c.h.Http11NioProtocol - [log,173] - Starting ProtocolHandler ["http-nio-7500"]
19:09:06.927 [restartedMain] INFO  c.d.DingyangmallApplication - [logStarted,56] - Started DingyangmallApplication in 10.103 seconds (process running for 11.531)
19:09:06.932 [restartedMain] INFO  c.d.DingyangmallApplication - [main,21] - 如囍优选启动成功
19:09:24.403 [http-nio-7500-exec-1] INFO  o.a.c.c.C.[.[.[/] - [log,173] - Initializing Spring DispatcherServlet 'dispatcherServlet'
19:09:25.823 [http-nio-7500-exec-1] INFO  c.d.w.api.WxUserApi - [login,259] - [WxMa] 登录成功，已签发 token，Redis key=wx:token:88564a32976c4680afeb237a1f7b005b expire=7天
19:09:26.461 [http-nio-7500-exec-7] INFO  c.d.w.c.f.WxMaMemberFilter - [doFilter,107] - [WxMa] path=/weixin/api/ma/goodsspu/page 已按 token 注入 memberId
19:09:26.461 [http-nio-7500-exec-11] INFO  c.d.w.c.f.WxMaMemberFilter - [doFilter,107] - [WxMa] path=/weixin/api/ma/goodscategory/tree 已按 token 注入 memberId
19:09:26.461 [http-nio-7500-exec-4] INFO  c.d.w.c.f.WxMaMemberFilter - [doFilter,107] - [WxMa] path=/weixin/api/ma/goodsspu/page 已按 token 注入 memberId
19:09:26.461 [http-nio-7500-exec-3] INFO  c.d.w.c.f.WxMaMemberFilter - [doFilter,107] - [WxMa] path=/weixin/api/ma/goodsspu/page 已按 token 注入 memberId
19:09:26.461 [http-nio-7500-exec-8] INFO  c.d.w.c.f.WxMaMemberFilter - [doFilter,107] - [WxMa] path=/weixin/api/ma/goodsspu/page 已按 token 注入 memberId
19:09:26.461 [http-nio-7500-exec-6] INFO  c.d.w.c.f.WxMaMemberFilter - [doFilter,107] - [WxMa] path=/weixin/api/ma/goodsspu/page 已按 token 注入 memberId
19:09:26.466 [http-nio-7500-exec-11] INFO  c.d.w.c.f.WxMaMemberFilter - [doFilter,107] - [WxMa] path=/weixin/api/ma/goodscategory/tree 已按 token 注入 memberId
19:09:26.474 [http-nio-7500-exec-6] INFO  c.d.w.c.f.WxMaMemberFilter - [doFilter,107] - [WxMa] path=/weixin/api/ma/goodsspu/page 已按 token 注入 memberId
19:09:26.474 [http-nio-7500-exec-4] INFO  c.d.w.c.f.WxMaMemberFilter - [doFilter,107] - [WxMa] path=/weixin/api/ma/goodsspu/page 已按 token 注入 memberId
19:09:26.474 [http-nio-7500-exec-7] INFO  c.d.w.c.f.WxMaMemberFilter - [doFilter,107] - [WxMa] path=/weixin/api/ma/goodsspu/page 已按 token 注入 memberId
19:09:26.475 [http-nio-7500-exec-8] INFO  c.d.w.c.f.WxMaMemberFilter - [doFilter,107] - [WxMa] path=/weixin/api/ma/goodsspu/page 已按 token 注入 memberId
19:09:26.475 [http-nio-7500-exec-3] INFO  c.d.w.c.f.WxMaMemberFilter - [doFilter,107] - [WxMa] path=/weixin/api/ma/goodsspu/page 已按 token 注入 memberId
19:09:26.515 [http-nio-7500-exec-4] INFO  c.d.w.c.f.WxMaErrorRewriteFilter - [doFilter,76] - 校验时 sessionKey from Holder: h1lNXyV1RjlVMRT9Y4RajA==
19:09:26.515 [http-nio-7500-exec-3] INFO  c.d.w.c.f.WxMaErrorRewriteFilter - [doFilter,76] - 校验时 sessionKey from Holder: h1lNXyV1RjlVMRT9Y4RajA==
19:09:26.515 [http-nio-7500-exec-11] INFO  c.d.w.c.f.WxMaErrorRewriteFilter - [doFilter,76] - 校验时 sessionKey from Holder: h1lNXyV1RjlVMRT9Y4RajA==
19:09:26.515 [http-nio-7500-exec-8] INFO  c.d.w.c.f.WxMaErrorRewriteFilter - [doFilter,76] - 校验时 sessionKey from Holder: h1lNXyV1RjlVMRT9Y4RajA==
19:09:26.515 [http-nio-7500-exec-6] INFO  c.d.w.c.f.WxMaErrorRewriteFilter - [doFilter,76] - 校验时 sessionKey from Holder: h1lNXyV1RjlVMRT9Y4RajA==
19:09:26.515 [http-nio-7500-exec-7] INFO  c.d.w.c.f.WxMaErrorRewriteFilter - [doFilter,76] - 校验时 sessionKey from Holder: h1lNXyV1RjlVMRT9Y4RajA==
19:09:26.515 [http-nio-7500-exec-4] INFO  c.d.w.c.f.WxMaErrorRewriteFilter - [doFilter,77] - 校验时 sessionKey from Request: h1lNXyV1RjlVMRT9Y4RajA==
19:09:26.515 [http-nio-7500-exec-3] INFO  c.d.w.c.f.WxMaErrorRewriteFilter - [doFilter,77] - 校验时 sessionKey from Request: h1lNXyV1RjlVMRT9Y4RajA==
19:09:26.515 [http-nio-7500-exec-11] INFO  c.d.w.c.f.WxMaErrorRewriteFilter - [doFilter,77] - 校验时 sessionKey from Request: h1lNXyV1RjlVMRT9Y4RajA==
19:09:26.515 [http-nio-7500-exec-8] INFO  c.d.w.c.f.WxMaErrorRewriteFilter - [doFilter,77] - 校验时 sessionKey from Request: h1lNXyV1RjlVMRT9Y4RajA==
19:09:26.515 [http-nio-7500-exec-6] INFO  c.d.w.c.f.WxMaErrorRewriteFilter - [doFilter,77] - 校验时 sessionKey from Request: h1lNXyV1RjlVMRT9Y4RajA==
19:09:26.515 [http-nio-7500-exec-7] INFO  c.d.w.c.f.WxMaErrorRewriteFilter - [doFilter,77] - 校验时 sessionKey from Request: h1lNXyV1RjlVMRT9Y4RajA==
19:09:26.516 [http-nio-7500-exec-3] INFO  c.d.w.c.f.WxMaErrorRewriteFilter - [doFilter,78] - 校验时 token from Header X-Wx-Token: 88564a32976c4680afeb237a1f7b005b
19:09:26.516 [http-nio-7500-exec-4] INFO  c.d.w.c.f.WxMaErrorRewriteFilter - [doFilter,78] - 校验时 token from Header X-Wx-Token: 88564a32976c4680afeb237a1f7b005b
19:09:26.516 [http-nio-7500-exec-11] INFO  c.d.w.c.f.WxMaErrorRewriteFilter - [doFilter,78] - 校验时 token from Header X-Wx-Token: 88564a32976c4680afeb237a1f7b005b
19:09:26.516 [http-nio-7500-exec-6] INFO  c.d.w.c.f.WxMaErrorRewriteFilter - [doFilter,78] - 校验时 token from Header X-Wx-Token: 88564a32976c4680afeb237a1f7b005b
19:09:26.516 [http-nio-7500-exec-8] INFO  c.d.w.c.f.WxMaErrorRewriteFilter - [doFilter,78] - 校验时 token from Header X-Wx-Token: 88564a32976c4680afeb237a1f7b005b
19:09:26.516 [http-nio-7500-exec-7] INFO  c.d.w.c.f.WxMaErrorRewriteFilter - [doFilter,78] - 校验时 token from Header X-Wx-Token: 88564a32976c4680afeb237a1f7b005b
19:09:26.530 [http-nio-7500-exec-18] INFO  c.d.w.c.f.WxMaMemberFilter - [doFilter,107] - [WxMa] path=/weixin/api/ma/shoppingcart/count 已按 token 注入 memberId
19:09:26.533 [http-nio-7500-exec-18] INFO  c.d.w.c.f.WxMaMemberFilter - [doFilter,107] - [WxMa] path=/weixin/api/ma/shoppingcart/count 已按 token 注入 memberId
19:09:26.535 [http-nio-7500-exec-18] INFO  c.d.w.c.f.WxMaErrorRewriteFilter - [doFilter,76] - 校验时 sessionKey from Holder: h1lNXyV1RjlVMRT9Y4RajA==
19:09:26.535 [http-nio-7500-exec-18] INFO  c.d.w.c.f.WxMaErrorRewriteFilter - [doFilter,77] - 校验时 sessionKey from Request: h1lNXyV1RjlVMRT9Y4RajA==
19:09:26.536 [http-nio-7500-exec-18] INFO  c.d.w.c.f.WxMaErrorRewriteFilter - [doFilter,78] - 校验时 token from Header X-Wx-Token: 88564a32976c4680afeb237a1f7b005b
19:09:27.896 [http-nio-7500-exec-9] INFO  c.d.w.api.WxUserApi - [login,259] - [WxMa] 登录成功，已签发 token，Redis key=wx:token:e0a1eeab322b46de91e3089e2787343d expire=7天
19:09:28.388 [http-nio-7500-exec-10] INFO  c.d.w.c.f.WxMaMemberFilter - [doFilter,107] - [WxMa] path=/weixin/api/ma/goodsspu/page 已按 token 注入 memberId
19:09:28.388 [http-nio-7500-exec-14] INFO  c.d.w.c.f.WxMaMemberFilter - [doFilter,107] - [WxMa] path=/weixin/api/ma/goodsspu/page 已按 token 注入 memberId
19:09:28.388 [http-nio-7500-exec-13] INFO  c.d.w.c.f.WxMaMemberFilter - [doFilter,107] - [WxMa] path=/weixin/api/ma/goodsspu/page 已按 token 注入 memberId
19:09:28.388 [http-nio-7500-exec-15] INFO  c.d.w.c.f.WxMaMemberFilter - [doFilter,107] - [WxMa] path=/weixin/api/ma/goodsspu/page 已按 token 注入 memberId
19:09:28.388 [http-nio-7500-exec-5] INFO  c.d.w.c.f.WxMaMemberFilter - [doFilter,107] - [WxMa] path=/weixin/api/ma/goodscategory/tree 已按 token 注入 memberId
19:09:28.388 [http-nio-7500-exec-12] INFO  c.d.w.c.f.WxMaMemberFilter - [doFilter,107] - [WxMa] path=/weixin/api/ma/goodsspu/page 已按 token 注入 memberId
19:09:28.390 [http-nio-7500-exec-12] INFO  c.d.w.c.f.WxMaMemberFilter - [doFilter,107] - [WxMa] path=/weixin/api/ma/goodsspu/page 已按 token 注入 memberId
19:09:28.390 [http-nio-7500-exec-5] INFO  c.d.w.c.f.WxMaMemberFilter - [doFilter,107] - [WxMa] path=/weixin/api/ma/goodscategory/tree 已按 token 注入 memberId
19:09:28.390 [http-nio-7500-exec-13] INFO  c.d.w.c.f.WxMaMemberFilter - [doFilter,107] - [WxMa] path=/weixin/api/ma/goodsspu/page 已按 token 注入 memberId
19:09:28.390 [http-nio-7500-exec-15] INFO  c.d.w.c.f.WxMaMemberFilter - [doFilter,107] - [WxMa] path=/weixin/api/ma/goodsspu/page 已按 token 注入 memberId
19:09:28.390 [http-nio-7500-exec-10] INFO  c.d.w.c.f.WxMaMemberFilter - [doFilter,107] - [WxMa] path=/weixin/api/ma/goodsspu/page 已按 token 注入 memberId
19:09:28.390 [http-nio-7500-exec-14] INFO  c.d.w.c.f.WxMaMemberFilter - [doFilter,107] - [WxMa] path=/weixin/api/ma/goodsspu/page 已按 token 注入 memberId
19:09:28.392 [http-nio-7500-exec-13] INFO  c.d.w.c.f.WxMaErrorRewriteFilter - [doFilter,76] - 校验时 sessionKey from Holder: h1lNXyV1RjlVMRT9Y4RajA==
19:09:28.392 [http-nio-7500-exec-15] INFO  c.d.w.c.f.WxMaErrorRewriteFilter - [doFilter,76] - 校验时 sessionKey from Holder: h1lNXyV1RjlVMRT9Y4RajA==
19:09:28.392 [http-nio-7500-exec-12] INFO  c.d.w.c.f.WxMaErrorRewriteFilter - [doFilter,76] - 校验时 sessionKey from Holder: h1lNXyV1RjlVMRT9Y4RajA==
19:09:28.392 [http-nio-7500-exec-5] INFO  c.d.w.c.f.WxMaErrorRewriteFilter - [doFilter,76] - 校验时 sessionKey from Holder: h1lNXyV1RjlVMRT9Y4RajA==
19:09:28.392 [http-nio-7500-exec-14] INFO  c.d.w.c.f.WxMaErrorRewriteFilter - [doFilter,76] - 校验时 sessionKey from Holder: h1lNXyV1RjlVMRT9Y4RajA==
19:09:28.392 [http-nio-7500-exec-10] INFO  c.d.w.c.f.WxMaErrorRewriteFilter - [doFilter,76] - 校验时 sessionKey from Holder: h1lNXyV1RjlVMRT9Y4RajA==
19:09:28.393 [http-nio-7500-exec-13] INFO  c.d.w.c.f.WxMaErrorRewriteFilter - [doFilter,77] - 校验时 sessionKey from Request: h1lNXyV1RjlVMRT9Y4RajA==
19:09:28.393 [http-nio-7500-exec-15] INFO  c.d.w.c.f.WxMaErrorRewriteFilter - [doFilter,77] - 校验时 sessionKey from Request: h1lNXyV1RjlVMRT9Y4RajA==
19:09:28.393 [http-nio-7500-exec-5] INFO  c.d.w.c.f.WxMaErrorRewriteFilter - [doFilter,77] - 校验时 sessionKey from Request: h1lNXyV1RjlVMRT9Y4RajA==
19:09:28.393 [http-nio-7500-exec-12] INFO  c.d.w.c.f.WxMaErrorRewriteFilter - [doFilter,77] - 校验时 sessionKey from Request: h1lNXyV1RjlVMRT9Y4RajA==
19:09:28.393 [http-nio-7500-exec-14] INFO  c.d.w.c.f.WxMaErrorRewriteFilter - [doFilter,77] - 校验时 sessionKey from Request: h1lNXyV1RjlVMRT9Y4RajA==
19:09:28.393 [http-nio-7500-exec-10] INFO  c.d.w.c.f.WxMaErrorRewriteFilter - [doFilter,77] - 校验时 sessionKey from Request: h1lNXyV1RjlVMRT9Y4RajA==
19:09:28.394 [http-nio-7500-exec-13] INFO  c.d.w.c.f.WxMaErrorRewriteFilter - [doFilter,78] - 校验时 token from Header X-Wx-Token: e0a1eeab322b46de91e3089e2787343d
19:09:28.394 [http-nio-7500-exec-15] INFO  c.d.w.c.f.WxMaErrorRewriteFilter - [doFilter,78] - 校验时 token from Header X-Wx-Token: e0a1eeab322b46de91e3089e2787343d
19:09:28.394 [http-nio-7500-exec-5] INFO  c.d.w.c.f.WxMaErrorRewriteFilter - [doFilter,78] - 校验时 token from Header X-Wx-Token: e0a1eeab322b46de91e3089e2787343d
19:09:28.394 [http-nio-7500-exec-12] INFO  c.d.w.c.f.WxMaErrorRewriteFilter - [doFilter,78] - 校验时 token from Header X-Wx-Token: e0a1eeab322b46de91e3089e2787343d
19:09:28.394 [http-nio-7500-exec-10] INFO  c.d.w.c.f.WxMaErrorRewriteFilter - [doFilter,78] - 校验时 token from Header X-Wx-Token: e0a1eeab322b46de91e3089e2787343d
19:09:28.394 [http-nio-7500-exec-14] INFO  c.d.w.c.f.WxMaErrorRewriteFilter - [doFilter,78] - 校验时 token from Header X-Wx-Token: e0a1eeab322b46de91e3089e2787343d
19:09:28.405 [http-nio-7500-exec-16] INFO  c.d.w.c.f.WxMaMemberFilter - [doFilter,107] - [WxMa] path=/weixin/api/ma/shoppingcart/count 已按 token 注入 memberId
19:09:28.407 [http-nio-7500-exec-16] INFO  c.d.w.c.f.WxMaMemberFilter - [doFilter,107] - [WxMa] path=/weixin/api/ma/shoppingcart/count 已按 token 注入 memberId
19:09:28.409 [http-nio-7500-exec-16] INFO  c.d.w.c.f.WxMaErrorRewriteFilter - [doFilter,76] - 校验时 sessionKey from Holder: h1lNXyV1RjlVMRT9Y4RajA==
19:09:28.410 [http-nio-7500-exec-16] INFO  c.d.w.c.f.WxMaErrorRewriteFilter - [doFilter,77] - 校验时 sessionKey from Request: h1lNXyV1RjlVMRT9Y4RajA==
19:09:28.410 [http-nio-7500-exec-16] INFO  c.d.w.c.f.WxMaErrorRewriteFilter - [doFilter,78] - 校验时 token from Header X-Wx-Token: e0a1eeab322b46de91e3089e2787343d
19:10:48.717 [SpringApplicationShutdownHook] INFO  sys-user - [shutdownAsyncManager,31] - ====关闭后台任务任务线程池====
19:10:48.725 [SpringApplicationShutdownHook] INFO  c.a.d.p.DruidDataSource - [close,2204] - {dataSource-1} closing ...
19:10:48.737 [SpringApplicationShutdownHook] INFO  c.a.d.p.DruidDataSource - [close,2277] - {dataSource-1} closed
19:10:56.598 [background-preinit] INFO  o.h.v.i.util.Version - [<clinit>,21] - HV000001: Hibernate Validator 8.0.1.Final
19:10:56.635 [restartedMain] INFO  c.d.DingyangmallApplication - [logStarting,50] - Starting DingyangmallApplication using Java 17.0.12 with PID 16796 (D:\work_boss\dingyangMall\JooLun-wx\dingyangmall-wx\dingyangmall-admin\target\classes started by 33475 in D:\work_boss\dingyangMall)
19:10:56.638 [restartedMain] INFO  c.d.DingyangmallApplication - [logStartupProfileInfo,660] - The following 1 profile is active: "druid"
19:10:59.944 [restartedMain] INFO  o.a.c.h.Http11NioProtocol - [log,173] - Initializing ProtocolHandler ["http-nio-7500"]
19:10:59.952 [restartedMain] INFO  o.a.c.c.StandardService - [log,173] - Starting service [Tomcat]
19:10:59.954 [restartedMain] INFO  o.a.c.c.StandardEngine - [log,173] - Starting Servlet engine: [Apache Tomcat/10.1.30]
19:11:00.058 [restartedMain] INFO  o.a.c.c.C.[.[.[/] - [log,173] - Initializing Spring embedded WebApplicationContext
19:11:01.302 [restartedMain] INFO  c.a.d.p.DruidDataSource - [init,1002] - {dataSource-1} inited
19:11:04.617 [restartedMain] INFO  c.d.w.c.c.WxMaAutoConfiguration - [wxMaService,45] - WxMaService 已初始化，appId=wx43adcb652c1b2b19
19:11:06.951 [restartedMain] INFO  o.a.c.h.Http11NioProtocol - [log,173] - Starting ProtocolHandler ["http-nio-7500"]
19:11:07.086 [restartedMain] INFO  c.d.DingyangmallApplication - [logStarted,56] - Started DingyangmallApplication in 10.896 seconds (process running for 12.23)
19:11:07.092 [restartedMain] INFO  c.d.DingyangmallApplication - [main,21] - 如囍优选启动成功
19:12:43.888 [SpringApplicationShutdownHook] INFO  sys-user - [shutdownAsyncManager,31] - ====关闭后台任务任务线程池====
19:12:43.894 [SpringApplicationShutdownHook] INFO  c.a.d.p.DruidDataSource - [close,2204] - {dataSource-1} closing ...
19:12:43.905 [SpringApplicationShutdownHook] INFO  c.a.d.p.DruidDataSource - [close,2277] - {dataSource-1} closed
19:12:50.809 [background-preinit] INFO  o.h.v.i.util.Version - [<clinit>,21] - HV000001: Hibernate Validator 8.0.1.Final
19:12:50.848 [restartedMain] INFO  c.d.DingyangmallApplication - [logStarting,50] - Starting DingyangmallApplication using Java 17.0.12 with PID 14088 (D:\work_boss\dingyangMall\JooLun-wx\dingyangmall-wx\dingyangmall-admin\target\classes started by 33475 in D:\work_boss\dingyangMall)
19:12:50.852 [restartedMain] INFO  c.d.DingyangmallApplication - [logStartupProfileInfo,660] - The following 1 profile is active: "druid"
19:12:53.826 [restartedMain] INFO  o.a.c.h.Http11NioProtocol - [log,173] - Initializing ProtocolHandler ["http-nio-7500"]
19:12:53.831 [restartedMain] INFO  o.a.c.c.StandardService - [log,173] - Starting service [Tomcat]
19:12:53.832 [restartedMain] INFO  o.a.c.c.StandardEngine - [log,173] - Starting Servlet engine: [Apache Tomcat/10.1.30]
19:12:53.920 [restartedMain] INFO  o.a.c.c.C.[.[.[/] - [log,173] - Initializing Spring embedded WebApplicationContext
19:12:55.104 [restartedMain] INFO  c.a.d.p.DruidDataSource - [init,1002] - {dataSource-1} inited
19:12:58.791 [restartedMain] INFO  c.d.w.c.c.WxMaAutoConfiguration - [wxMaService,45] - WxMaService 已初始化，appId=wx43adcb652c1b2b19
19:13:01.050 [restartedMain] INFO  o.a.c.h.Http11NioProtocol - [log,173] - Starting ProtocolHandler ["http-nio-7500"]
19:13:01.164 [restartedMain] INFO  c.d.DingyangmallApplication - [logStarted,56] - Started DingyangmallApplication in 10.809 seconds (process running for 12.144)
19:13:01.169 [restartedMain] INFO  c.d.DingyangmallApplication - [main,21] - 如囍优选启动成功
19:14:13.448 [http-nio-7500-exec-1] INFO  o.a.c.c.C.[.[.[/] - [log,173] - Initializing Spring DispatcherServlet 'dispatcherServlet'
19:14:13.480 [http-nio-7500-exec-1] INFO  c.d.w.c.f.WxMaMemberFilter - [doFilter,107] - [WxMa] path=/weixin/api/ma/goodscategory/tree 已按 token 注入 memberId
19:14:13.535 [http-nio-7500-exec-1] INFO  c.d.w.c.f.WxMaMemberFilter - [doFilter,107] - [WxMa] path=/weixin/api/ma/goodscategory/tree 已按 token 注入 memberId
19:14:13.674 [http-nio-7500-exec-1] INFO  c.d.w.c.f.WxMaErrorRewriteFilter - [doFilter,76] - 校验时 sessionKey from Holder: h1lNXyV1RjlVMRT9Y4RajA==
19:14:13.675 [http-nio-7500-exec-1] INFO  c.d.w.c.f.WxMaErrorRewriteFilter - [doFilter,77] - 校验时 sessionKey from Request: h1lNXyV1RjlVMRT9Y4RajA==
19:14:13.676 [http-nio-7500-exec-1] INFO  c.d.w.c.f.WxMaErrorRewriteFilter - [doFilter,78] - 校验时 token from Header X-Wx-Token: e0a1eeab322b46de91e3089e2787343d
19:14:16.256 [http-nio-7500-exec-2] INFO  c.d.w.api.WxUserApi - [login,259] - [WxMa] 登录成功，已签发 token，Redis key=wx:token:71896dbad123488bb33159b4bb004031 expire=7天
19:14:16.526 [http-nio-7500-exec-3] INFO  c.d.w.c.f.WxMaMemberFilter - [doFilter,107] - [WxMa] path=/weixin/api/ma/goodscategory/tree 已按 token 注入 memberId
19:14:16.528 [http-nio-7500-exec-3] INFO  c.d.w.c.f.WxMaMemberFilter - [doFilter,107] - [WxMa] path=/weixin/api/ma/goodscategory/tree 已按 token 注入 memberId
19:14:16.530 [http-nio-7500-exec-3] INFO  c.d.w.c.f.WxMaErrorRewriteFilter - [doFilter,76] - 校验时 sessionKey from Holder: h1lNXyV1RjlVMRT9Y4RajA==
19:14:16.530 [http-nio-7500-exec-3] INFO  c.d.w.c.f.WxMaErrorRewriteFilter - [doFilter,77] - 校验时 sessionKey from Request: h1lNXyV1RjlVMRT9Y4RajA==
19:14:16.530 [http-nio-7500-exec-3] INFO  c.d.w.c.f.WxMaErrorRewriteFilter - [doFilter,78] - 校验时 token from Header X-Wx-Token: 71896dbad123488bb33159b4bb004031
19:14:45.153 [Thread-5] INFO  o.a.c.h.Http11NioProtocol - [log,173] - Stopping ProtocolHandler ["http-nio-7500"]
19:14:45.313 [Thread-5] INFO  sys-user - [shutdownAsyncManager,31] - ====关闭后台任务任务线程池====
19:14:45.326 [Thread-5] INFO  c.a.d.p.DruidDataSource - [close,2204] - {dataSource-1} closing ...
19:14:45.345 [Thread-5] INFO  c.a.d.p.DruidDataSource - [close,2277] - {dataSource-1} closed
19:14:45.673 [restartedMain] INFO  c.d.DingyangmallApplication - [logStarting,50] - Starting DingyangmallApplication using Java 17.0.12 with PID 14088 (D:\work_boss\dingyangMall\JooLun-wx\dingyangmall-wx\dingyangmall-admin\target\classes started by 33475 in D:\work_boss\dingyangMall)
19:14:45.675 [restartedMain] INFO  c.d.DingyangmallApplication - [logStartupProfileInfo,660] - The following 1 profile is active: "druid"
19:14:47.889 [restartedMain] INFO  o.a.c.h.Http11NioProtocol - [log,173] - Initializing ProtocolHandler ["http-nio-7500"]
19:14:47.890 [restartedMain] INFO  o.a.c.c.StandardService - [log,173] - Starting service [Tomcat]
19:14:47.890 [restartedMain] INFO  o.a.c.c.StandardEngine - [log,173] - Starting Servlet engine: [Apache Tomcat/10.1.30]
19:14:47.941 [restartedMain] INFO  o.a.c.c.C.[.[.[/] - [log,173] - Initializing Spring embedded WebApplicationContext
19:14:48.829 [restartedMain] INFO  c.a.d.p.DruidDataSource - [init,1002] - {dataSource-2} inited
19:14:51.913 [restartedMain] INFO  c.d.w.c.c.WxMaAutoConfiguration - [wxMaService,45] - WxMaService initialized, appId=wx43adcb652c1b2b19
19:14:54.728 [restartedMain] INFO  o.a.c.h.Http11NioProtocol - [log,173] - Starting ProtocolHandler ["http-nio-7500"]
19:14:54.771 [restartedMain] INFO  c.d.DingyangmallApplication - [logStarted,56] - Started DingyangmallApplication in 9.23 seconds (process running for 125.75)
19:14:54.790 [restartedMain] INFO  c.d.DingyangmallApplication - [main,21] - Dingyangmall application started successfully
19:14:56.197 [Thread-7] INFO  o.a.c.h.Http11NioProtocol - [log,173] - Stopping ProtocolHandler ["http-nio-7500"]
19:14:56.314 [Thread-7] INFO  sys-user - [shutdownAsyncManager,31] - ====关闭后台任务任务线程池====
19:14:56.321 [Thread-7] INFO  c.a.d.p.DruidDataSource - [close,2204] - {dataSource-2} closing ...
19:14:56.327 [Thread-7] INFO  c.a.d.p.DruidDataSource - [close,2277] - {dataSource-2} closed
19:14:56.588 [restartedMain] INFO  c.d.DingyangmallApplication - [logStarting,50] - Starting DingyangmallApplication using Java 17.0.12 with PID 14088 (D:\work_boss\dingyangMall\JooLun-wx\dingyangmall-wx\dingyangmall-admin\target\classes started by 33475 in D:\work_boss\dingyangMall)
19:14:56.588 [restartedMain] INFO  c.d.DingyangmallApplication - [logStartupProfileInfo,660] - The following 1 profile is active: "druid"
19:14:58.651 [restartedMain] INFO  o.a.c.h.Http11NioProtocol - [log,173] - Initializing ProtocolHandler ["http-nio-7500"]
19:14:58.653 [restartedMain] INFO  o.a.c.c.StandardService - [log,173] - Starting service [Tomcat]
19:14:58.653 [restartedMain] INFO  o.a.c.c.StandardEngine - [log,173] - Starting Servlet engine: [Apache Tomcat/10.1.30]
19:14:58.703 [restartedMain] INFO  o.a.c.c.C.[.[.[/] - [log,173] - Initializing Spring embedded WebApplicationContext
19:14:59.534 [restartedMain] INFO  c.a.d.p.DruidDataSource - [init,1002] - {dataSource-3} inited
19:15:02.428 [restartedMain] INFO  c.d.w.c.c.WxMaAutoConfiguration - [wxMaService,45] - WxMaService initialized, appId=wx43adcb652c1b2b19
19:15:04.996 [restartedMain] INFO  o.a.c.h.Http11NioProtocol - [log,173] - Starting ProtocolHandler ["http-nio-7500"]
19:15:05.035 [restartedMain] INFO  c.d.DingyangmallApplication - [logStarted,56] - Started DingyangmallApplication in 8.531 seconds (process running for 136.015)
19:15:05.043 [restartedMain] INFO  c.d.DingyangmallApplication - [main,21] - Dingyangmall application started successfully
19:15:33.581 [http-nio-7500-exec-1] INFO  o.a.c.c.C.[.[.[/] - [log,173] - Initializing Spring DispatcherServlet 'dispatcherServlet'
19:15:33.609 [http-nio-7500-exec-1] INFO  c.d.w.c.f.WxMaErrorRewriteFilter - [doFilter,76] - 校验时 sessionKey from Holder: anonymous
19:15:33.610 [http-nio-7500-exec-1] INFO  c.d.w.c.f.WxMaErrorRewriteFilter - [doFilter,77] - 校验时 sessionKey from Request: anonymous
19:15:33.611 [http-nio-7500-exec-1] INFO  c.d.w.c.f.WxMaErrorRewriteFilter - [doFilter,78] - 校验时 token from Header X-Wx-Token: null
19:15:34.280 [Thread-11] INFO  o.a.c.h.Http11NioProtocol - [log,173] - Stopping ProtocolHandler ["http-nio-7500"]
19:15:34.386 [Thread-11] INFO  sys-user - [shutdownAsyncManager,31] - ====关闭后台任务任务线程池====
19:15:34.394 [Thread-11] INFO  c.a.d.p.DruidDataSource - [close,2204] - {dataSource-3} closing ...
19:15:34.395 [Thread-11] INFO  c.a.d.p.DruidDataSource - [close,2277] - {dataSource-3} closed
19:15:34.603 [restartedMain] INFO  c.d.DingyangmallApplication - [logStarting,50] - Starting DingyangmallApplication using Java 17.0.12 with PID 14088 (D:\work_boss\dingyangMall\JooLun-wx\dingyangmall-wx\dingyangmall-admin\target\classes started by 33475 in D:\work_boss\dingyangMall)
19:15:34.604 [restartedMain] INFO  c.d.DingyangmallApplication - [logStartupProfileInfo,660] - The following 1 profile is active: "druid"
19:15:36.250 [restartedMain] INFO  o.a.c.h.Http11NioProtocol - [log,173] - Initializing ProtocolHandler ["http-nio-7500"]
19:15:36.251 [restartedMain] INFO  o.a.c.c.StandardService - [log,173] - Starting service [Tomcat]
19:15:36.251 [restartedMain] INFO  o.a.c.c.StandardEngine - [log,173] - Starting Servlet engine: [Apache Tomcat/10.1.30]
19:15:36.313 [restartedMain] INFO  o.a.c.c.C.[.[.[/] - [log,173] - Initializing Spring embedded WebApplicationContext
19:15:37.500 [restartedMain] INFO  c.a.d.p.DruidDataSource - [init,1002] - {dataSource-4} inited
19:15:41.017 [restartedMain] INFO  o.a.c.h.Http11NioProtocol - [log,173] - Starting ProtocolHandler ["http-nio-7500"]
19:15:41.040 [restartedMain] INFO  c.d.DingyangmallApplication - [logStarted,56] - Started DingyangmallApplication in 6.516 seconds (process running for 172.02)
19:15:41.042 [restartedMain] INFO  c.d.DingyangmallApplication - [main,21] - 如囍优选启动成功
19:15:42.449 [Thread-15] INFO  o.a.c.h.Http11NioProtocol - [log,173] - Stopping ProtocolHandler ["http-nio-7500"]
19:15:42.518 [Thread-15] INFO  sys-user - [shutdownAsyncManager,31] - ====关闭后台任务任务线程池====
19:15:42.523 [Thread-15] INFO  c.a.d.p.DruidDataSource - [close,2204] - {dataSource-4} closing ...
19:15:42.524 [Thread-15] INFO  c.a.d.p.DruidDataSource - [close,2277] - {dataSource-4} closed
19:15:42.667 [restartedMain] INFO  c.d.DingyangmallApplication - [logStarting,50] - Starting DingyangmallApplication using Java 17.0.12 with PID 14088 (D:\work_boss\dingyangMall\JooLun-wx\dingyangmall-wx\dingyangmall-admin\target\classes started by 33475 in D:\work_boss\dingyangMall)
19:15:42.668 [restartedMain] INFO  c.d.DingyangmallApplication - [logStartupProfileInfo,660] - The following 1 profile is active: "druid"
19:15:43.857 [restartedMain] INFO  o.a.c.h.Http11NioProtocol - [log,173] - Initializing ProtocolHandler ["http-nio-7500"]
19:15:43.857 [restartedMain] INFO  o.a.c.c.StandardService - [log,173] - Starting service [Tomcat]
19:15:43.857 [restartedMain] INFO  o.a.c.c.StandardEngine - [log,173] - Starting Servlet engine: [Apache Tomcat/10.1.30]
19:15:43.887 [restartedMain] INFO  o.a.c.c.C.[.[.[/] - [log,173] - Initializing Spring embedded WebApplicationContext
19:15:44.944 [restartedMain] INFO  c.a.d.p.DruidDataSource - [init,1002] - {dataSource-5} inited
19:15:47.831 [restartedMain] INFO  c.d.w.c.c.WxMaAutoConfiguration - [wxMaService,45] - WxMaService initialized, appId=wx43adcb652c1b2b19
19:15:49.437 [restartedMain] INFO  o.a.c.h.Http11NioProtocol - [log,173] - Starting ProtocolHandler ["http-nio-7500"]
19:15:49.480 [restartedMain] INFO  c.d.DingyangmallApplication - [logStarted,56] - Started DingyangmallApplication in 6.854 seconds (process running for 180.459)
19:15:49.485 [restartedMain] INFO  c.d.DingyangmallApplication - [main,21] - Dingyangmall application started successfully
19:16:04.771 [http-nio-7500-exec-2] INFO  o.a.c.c.C.[.[.[/] - [log,173] - Initializing Spring DispatcherServlet 'dispatcherServlet'
19:16:04.784 [http-nio-7500-exec-2] INFO  c.d.w.c.f.WxMaMemberFilter - [doFilter,107] - [WxMa] path=/weixin/api/ma/goodscategory/tree 已按 token 注入 memberId
19:16:04.788 [http-nio-7500-exec-2] INFO  c.d.w.c.f.WxMaMemberFilter - [doFilter,107] - [WxMa] path=/weixin/api/ma/goodscategory/tree 已按 token 注入 memberId
19:16:04.794 [http-nio-7500-exec-2] INFO  c.d.w.c.f.WxMaErrorRewriteFilter - [doFilter,76] - 校验时 sessionKey from Holder: h1lNXyV1RjlVMRT9Y4RajA==
19:16:04.794 [http-nio-7500-exec-2] INFO  c.d.w.c.f.WxMaErrorRewriteFilter - [doFilter,77] - 校验时 sessionKey from Request: h1lNXyV1RjlVMRT9Y4RajA==
19:16:04.794 [http-nio-7500-exec-2] INFO  c.d.w.c.f.WxMaErrorRewriteFilter - [doFilter,78] - 校验时 token from Header X-Wx-Token: 71896dbad123488bb33159b4bb004031
19:16:06.442 [http-nio-7500-exec-1] INFO  c.d.w.api.WxUserApi - [login,259] - [WxMa] 登录成功，已签发 token，Redis key=wx:token:676e73a7a0ac42dcbdd7df3690aac807 expire=7天
19:16:06.567 [http-nio-7500-exec-3] INFO  c.d.w.c.f.WxMaMemberFilter - [doFilter,107] - [WxMa] path=/weixin/api/ma/goodscategory/tree 已按 token 注入 memberId
19:16:06.569 [http-nio-7500-exec-3] INFO  c.d.w.c.f.WxMaMemberFilter - [doFilter,107] - [WxMa] path=/weixin/api/ma/goodscategory/tree 已按 token 注入 memberId
19:16:06.572 [http-nio-7500-exec-3] INFO  c.d.w.c.f.WxMaErrorRewriteFilter - [doFilter,76] - 校验时 sessionKey from Holder: h1lNXyV1RjlVMRT9Y4RajA==
19:16:06.572 [http-nio-7500-exec-3] INFO  c.d.w.c.f.WxMaErrorRewriteFilter - [doFilter,77] - 校验时 sessionKey from Request: h1lNXyV1RjlVMRT9Y4RajA==
19:16:06.572 [http-nio-7500-exec-3] INFO  c.d.w.c.f.WxMaErrorRewriteFilter - [doFilter,78] - 校验时 token from Header X-Wx-Token: 676e73a7a0ac42dcbdd7df3690aac807
19:16:51.991 [http-nio-7500-exec-5] INFO  c.d.w.api.WxUserApi - [login,259] - [WxMa] 登录成功，已签发 token，Redis key=wx:token:abd9a56bb30a406b8449de599899ef50 expire=7天
19:16:52.528 [http-nio-7500-exec-6] INFO  c.d.w.c.f.WxMaMemberFilter - [doFilter,107] - [WxMa] path=/weixin/api/ma/goodsspu/page 已按 token 注入 memberId
19:16:52.532 [http-nio-7500-exec-7] INFO  c.d.w.c.f.WxMaMemberFilter - [doFilter,107] - [WxMa] path=/weixin/api/ma/goodsspu/page 已按 token 注入 memberId
19:16:52.532 [http-nio-7500-exec-8] INFO  c.d.w.c.f.WxMaMemberFilter - [doFilter,107] - [WxMa] path=/weixin/api/ma/goodsspu/page 已按 token 注入 memberId
19:16:52.532 [http-nio-7500-exec-12] INFO  c.d.w.c.f.WxMaMemberFilter - [doFilter,107] - [WxMa] path=/weixin/api/ma/goodscategory/tree 已按 token 注入 memberId
19:16:52.532 [http-nio-7500-exec-10] INFO  c.d.w.c.f.WxMaMemberFilter - [doFilter,107] - [WxMa] path=/weixin/api/ma/goodsspu/page 已按 token 注入 memberId
19:16:52.532 [http-nio-7500-exec-11] INFO  c.d.w.c.f.WxMaMemberFilter - [doFilter,107] - [WxMa] path=/weixin/api/ma/goodsspu/page 已按 token 注入 memberId
19:16:52.533 [http-nio-7500-exec-12] INFO  c.d.w.c.f.WxMaMemberFilter - [doFilter,107] - [WxMa] path=/weixin/api/ma/goodscategory/tree 已按 token 注入 memberId
19:16:52.535 [http-nio-7500-exec-12] INFO  c.d.w.c.f.WxMaErrorRewriteFilter - [doFilter,76] - 校验时 sessionKey from Holder: h1lNXyV1RjlVMRT9Y4RajA==
19:16:52.535 [http-nio-7500-exec-12] INFO  c.d.w.c.f.WxMaErrorRewriteFilter - [doFilter,77] - 校验时 sessionKey from Request: h1lNXyV1RjlVMRT9Y4RajA==
19:16:52.536 [http-nio-7500-exec-12] INFO  c.d.w.c.f.WxMaErrorRewriteFilter - [doFilter,78] - 校验时 token from Header X-Wx-Token: abd9a56bb30a406b8449de599899ef50
19:16:52.543 [http-nio-7500-exec-10] INFO  c.d.w.c.f.WxMaMemberFilter - [doFilter,107] - [WxMa] path=/weixin/api/ma/goodsspu/page 已按 token 注入 memberId
19:16:52.543 [http-nio-7500-exec-7] INFO  c.d.w.c.f.WxMaMemberFilter - [doFilter,107] - [WxMa] path=/weixin/api/ma/goodsspu/page 已按 token 注入 memberId
19:16:52.543 [http-nio-7500-exec-8] INFO  c.d.w.c.f.WxMaMemberFilter - [doFilter,107] - [WxMa] path=/weixin/api/ma/goodsspu/page 已按 token 注入 memberId
19:16:52.543 [http-nio-7500-exec-6] INFO  c.d.w.c.f.WxMaMemberFilter - [doFilter,107] - [WxMa] path=/weixin/api/ma/goodsspu/page 已按 token 注入 memberId
19:16:52.543 [http-nio-7500-exec-11] INFO  c.d.w.c.f.WxMaMemberFilter - [doFilter,107] - [WxMa] path=/weixin/api/ma/goodsspu/page 已按 token 注入 memberId
19:16:52.545 [http-nio-7500-exec-16] INFO  c.d.w.c.f.WxMaMemberFilter - [doFilter,107] - [WxMa] path=/weixin/api/ma/shoppingcart/count 已按 token 注入 memberId
19:16:52.547 [http-nio-7500-exec-11] INFO  c.d.w.c.f.WxMaErrorRewriteFilter - [doFilter,76] - 校验时 sessionKey from Holder: h1lNXyV1RjlVMRT9Y4RajA==
19:16:52.547 [http-nio-7500-exec-8] INFO  c.d.w.c.f.WxMaErrorRewriteFilter - [doFilter,76] - 校验时 sessionKey from Holder: h1lNXyV1RjlVMRT9Y4RajA==
19:16:52.547 [http-nio-7500-exec-6] INFO  c.d.w.c.f.WxMaErrorRewriteFilter - [doFilter,76] - 校验时 sessionKey from Holder: h1lNXyV1RjlVMRT9Y4RajA==
19:16:52.547 [http-nio-7500-exec-7] INFO  c.d.w.c.f.WxMaErrorRewriteFilter - [doFilter,76] - 校验时 sessionKey from Holder: h1lNXyV1RjlVMRT9Y4RajA==
19:16:52.547 [http-nio-7500-exec-10] INFO  c.d.w.c.f.WxMaErrorRewriteFilter - [doFilter,76] - 校验时 sessionKey from Holder: h1lNXyV1RjlVMRT9Y4RajA==
19:16:52.547 [http-nio-7500-exec-16] INFO  c.d.w.c.f.WxMaMemberFilter - [doFilter,107] - [WxMa] path=/weixin/api/ma/shoppingcart/count 已按 token 注入 memberId
19:16:52.547 [http-nio-7500-exec-11] INFO  c.d.w.c.f.WxMaErrorRewriteFilter - [doFilter,77] - 校验时 sessionKey from Request: h1lNXyV1RjlVMRT9Y4RajA==
19:16:52.547 [http-nio-7500-exec-8] INFO  c.d.w.c.f.WxMaErrorRewriteFilter - [doFilter,77] - 校验时 sessionKey from Request: h1lNXyV1RjlVMRT9Y4RajA==
19:16:52.547 [http-nio-7500-exec-7] INFO  c.d.w.c.f.WxMaErrorRewriteFilter - [doFilter,77] - 校验时 sessionKey from Request: h1lNXyV1RjlVMRT9Y4RajA==
19:16:52.547 [http-nio-7500-exec-6] INFO  c.d.w.c.f.WxMaErrorRewriteFilter - [doFilter,77] - 校验时 sessionKey from Request: h1lNXyV1RjlVMRT9Y4RajA==
19:16:52.547 [http-nio-7500-exec-10] INFO  c.d.w.c.f.WxMaErrorRewriteFilter - [doFilter,77] - 校验时 sessionKey from Request: h1lNXyV1RjlVMRT9Y4RajA==
19:16:52.548 [http-nio-7500-exec-11] INFO  c.d.w.c.f.WxMaErrorRewriteFilter - [doFilter,78] - 校验时 token from Header X-Wx-Token: abd9a56bb30a406b8449de599899ef50
19:16:52.548 [http-nio-7500-exec-8] INFO  c.d.w.c.f.WxMaErrorRewriteFilter - [doFilter,78] - 校验时 token from Header X-Wx-Token: abd9a56bb30a406b8449de599899ef50
19:16:52.548 [http-nio-7500-exec-6] INFO  c.d.w.c.f.WxMaErrorRewriteFilter - [doFilter,78] - 校验时 token from Header X-Wx-Token: abd9a56bb30a406b8449de599899ef50
19:16:52.548 [http-nio-7500-exec-7] INFO  c.d.w.c.f.WxMaErrorRewriteFilter - [doFilter,78] - 校验时 token from Header X-Wx-Token: abd9a56bb30a406b8449de599899ef50
19:16:52.548 [http-nio-7500-exec-10] INFO  c.d.w.c.f.WxMaErrorRewriteFilter - [doFilter,78] - 校验时 token from Header X-Wx-Token: abd9a56bb30a406b8449de599899ef50
19:16:52.549 [http-nio-7500-exec-16] INFO  c.d.w.c.f.WxMaErrorRewriteFilter - [doFilter,76] - 校验时 sessionKey from Holder: h1lNXyV1RjlVMRT9Y4RajA==
19:16:52.550 [http-nio-7500-exec-16] INFO  c.d.w.c.f.WxMaErrorRewriteFilter - [doFilter,77] - 校验时 sessionKey from Request: h1lNXyV1RjlVMRT9Y4RajA==
19:16:52.550 [http-nio-7500-exec-16] INFO  c.d.w.c.f.WxMaErrorRewriteFilter - [doFilter,78] - 校验时 token from Header X-Wx-Token: abd9a56bb30a406b8449de599899ef50
19:16:53.894 [http-nio-7500-exec-17] INFO  c.d.w.api.WxUserApi - [login,259] - [WxMa] 登录成功，已签发 token，Redis key=wx:token:9481e5ec165c4058adf30306b7f930ec expire=7天
19:16:54.322 [http-nio-7500-exec-14] INFO  c.d.w.c.f.WxMaMemberFilter - [doFilter,107] - [WxMa] path=/weixin/api/ma/goodscategory/tree 已按 token 注入 memberId
19:16:54.322 [http-nio-7500-exec-9] INFO  c.d.w.c.f.WxMaMemberFilter - [doFilter,107] - [WxMa] path=/weixin/api/ma/goodsspu/page 已按 token 注入 memberId
19:16:54.322 [http-nio-7500-exec-21] INFO  c.d.w.c.f.WxMaMemberFilter - [doFilter,107] - [WxMa] path=/weixin/api/ma/goodsspu/page 已按 token 注入 memberId
19:16:54.323 [http-nio-7500-exec-19] INFO  c.d.w.c.f.WxMaMemberFilter - [doFilter,107] - [WxMa] path=/weixin/api/ma/goodsspu/page 已按 token 注入 memberId
19:16:54.324 [http-nio-7500-exec-13] INFO  c.d.w.c.f.WxMaMemberFilter - [doFilter,107] - [WxMa] path=/weixin/api/ma/goodsspu/page 已按 token 注入 memberId
19:16:54.324 [http-nio-7500-exec-9] INFO  c.d.w.c.f.WxMaMemberFilter - [doFilter,107] - [WxMa] path=/weixin/api/ma/goodsspu/page 已按 token 注入 memberId
19:16:54.324 [http-nio-7500-exec-26] INFO  c.d.w.c.f.WxMaMemberFilter - [doFilter,107] - [WxMa] path=/weixin/api/ma/goodsspu/page 已按 token 注入 memberId
19:16:54.324 [http-nio-7500-exec-14] INFO  c.d.w.c.f.WxMaMemberFilter - [doFilter,107] - [WxMa] path=/weixin/api/ma/goodscategory/tree 已按 token 注入 memberId
19:16:54.324 [http-nio-7500-exec-21] INFO  c.d.w.c.f.WxMaMemberFilter - [doFilter,107] - [WxMa] path=/weixin/api/ma/goodsspu/page 已按 token 注入 memberId
19:16:54.324 [http-nio-7500-exec-19] INFO  c.d.w.c.f.WxMaMemberFilter - [doFilter,107] - [WxMa] path=/weixin/api/ma/goodsspu/page 已按 token 注入 memberId
19:16:54.325 [http-nio-7500-exec-26] INFO  c.d.w.c.f.WxMaMemberFilter - [doFilter,107] - [WxMa] path=/weixin/api/ma/goodsspu/page 已按 token 注入 memberId
19:16:54.325 [http-nio-7500-exec-13] INFO  c.d.w.c.f.WxMaMemberFilter - [doFilter,107] - [WxMa] path=/weixin/api/ma/goodsspu/page 已按 token 注入 memberId
19:16:54.325 [http-nio-7500-exec-21] INFO  c.d.w.c.f.WxMaErrorRewriteFilter - [doFilter,76] - 校验时 sessionKey from Holder: h1lNXyV1RjlVMRT9Y4RajA==
19:16:54.325 [http-nio-7500-exec-14] INFO  c.d.w.c.f.WxMaErrorRewriteFilter - [doFilter,76] - 校验时 sessionKey from Holder: h1lNXyV1RjlVMRT9Y4RajA==
19:16:54.325 [http-nio-7500-exec-9] INFO  c.d.w.c.f.WxMaErrorRewriteFilter - [doFilter,76] - 校验时 sessionKey from Holder: h1lNXyV1RjlVMRT9Y4RajA==
19:16:54.326 [http-nio-7500-exec-21] INFO  c.d.w.c.f.WxMaErrorRewriteFilter - [doFilter,77] - 校验时 sessionKey from Request: h1lNXyV1RjlVMRT9Y4RajA==
19:16:54.326 [http-nio-7500-exec-14] INFO  c.d.w.c.f.WxMaErrorRewriteFilter - [doFilter,77] - 校验时 sessionKey from Request: h1lNXyV1RjlVMRT9Y4RajA==
19:16:54.326 [http-nio-7500-exec-9] INFO  c.d.w.c.f.WxMaErrorRewriteFilter - [doFilter,77] - 校验时 sessionKey from Request: h1lNXyV1RjlVMRT9Y4RajA==
19:16:54.326 [http-nio-7500-exec-21] INFO  c.d.w.c.f.WxMaErrorRewriteFilter - [doFilter,78] - 校验时 token from Header X-Wx-Token: 9481e5ec165c4058adf30306b7f930ec
19:16:54.326 [http-nio-7500-exec-14] INFO  c.d.w.c.f.WxMaErrorRewriteFilter - [doFilter,78] - 校验时 token from Header X-Wx-Token: 9481e5ec165c4058adf30306b7f930ec
19:16:54.326 [http-nio-7500-exec-9] INFO  c.d.w.c.f.WxMaErrorRewriteFilter - [doFilter,78] - 校验时 token from Header X-Wx-Token: 9481e5ec165c4058adf30306b7f930ec
19:16:54.327 [http-nio-7500-exec-26] INFO  c.d.w.c.f.WxMaErrorRewriteFilter - [doFilter,76] - 校验时 sessionKey from Holder: h1lNXyV1RjlVMRT9Y4RajA==
19:16:54.327 [http-nio-7500-exec-13] INFO  c.d.w.c.f.WxMaErrorRewriteFilter - [doFilter,76] - 校验时 sessionKey from Holder: h1lNXyV1RjlVMRT9Y4RajA==
19:16:54.327 [http-nio-7500-exec-19] INFO  c.d.w.c.f.WxMaErrorRewriteFilter - [doFilter,76] - 校验时 sessionKey from Holder: h1lNXyV1RjlVMRT9Y4RajA==
19:16:54.328 [http-nio-7500-exec-26] INFO  c.d.w.c.f.WxMaErrorRewriteFilter - [doFilter,77] - 校验时 sessionKey from Request: h1lNXyV1RjlVMRT9Y4RajA==
19:16:54.328 [http-nio-7500-exec-13] INFO  c.d.w.c.f.WxMaErrorRewriteFilter - [doFilter,77] - 校验时 sessionKey from Request: h1lNXyV1RjlVMRT9Y4RajA==
19:16:54.328 [http-nio-7500-exec-19] INFO  c.d.w.c.f.WxMaErrorRewriteFilter - [doFilter,77] - 校验时 sessionKey from Request: h1lNXyV1RjlVMRT9Y4RajA==
19:16:54.328 [http-nio-7500-exec-26] INFO  c.d.w.c.f.WxMaErrorRewriteFilter - [doFilter,78] - 校验时 token from Header X-Wx-Token: 9481e5ec165c4058adf30306b7f930ec
19:16:54.328 [http-nio-7500-exec-13] INFO  c.d.w.c.f.WxMaErrorRewriteFilter - [doFilter,78] - 校验时 token from Header X-Wx-Token: 9481e5ec165c4058adf30306b7f930ec
19:16:54.329 [http-nio-7500-exec-19] INFO  c.d.w.c.f.WxMaErrorRewriteFilter - [doFilter,78] - 校验时 token from Header X-Wx-Token: 9481e5ec165c4058adf30306b7f930ec
19:16:54.334 [http-nio-7500-exec-20] INFO  c.d.w.c.f.WxMaMemberFilter - [doFilter,107] - [WxMa] path=/weixin/api/ma/shoppingcart/count 已按 token 注入 memberId
19:16:54.336 [http-nio-7500-exec-20] INFO  c.d.w.c.f.WxMaMemberFilter - [doFilter,107] - [WxMa] path=/weixin/api/ma/shoppingcart/count 已按 token 注入 memberId
19:16:54.339 [http-nio-7500-exec-20] INFO  c.d.w.c.f.WxMaErrorRewriteFilter - [doFilter,76] - 校验时 sessionKey from Holder: h1lNXyV1RjlVMRT9Y4RajA==
19:16:54.339 [http-nio-7500-exec-20] INFO  c.d.w.c.f.WxMaErrorRewriteFilter - [doFilter,77] - 校验时 sessionKey from Request: h1lNXyV1RjlVMRT9Y4RajA==
19:16:54.339 [http-nio-7500-exec-20] INFO  c.d.w.c.f.WxMaErrorRewriteFilter - [doFilter,78] - 校验时 token from Header X-Wx-Token: 9481e5ec165c4058adf30306b7f930ec
19:18:49.056 [SpringApplicationShutdownHook] INFO  sys-user - [shutdownAsyncManager,31] - ====关闭后台任务任务线程池====
19:18:49.061 [SpringApplicationShutdownHook] INFO  c.a.d.p.DruidDataSource - [close,2204] - {dataSource-5} closing ...
19:18:49.062 [SpringApplicationShutdownHook] INFO  c.a.d.p.DruidDataSource - [close,2277] - {dataSource-5} closed
19:18:53.416 [background-preinit] INFO  o.h.v.i.util.Version - [<clinit>,21] - HV000001: Hibernate Validator 8.0.1.Final
19:18:53.449 [restartedMain] INFO  c.d.DingyangmallApplication - [logStarting,50] - Starting DingyangmallApplication using Java 17.0.12 with PID 19976 (D:\work_boss\dingyangMall\JooLun-wx\dingyangmall-wx\dingyangmall-admin\target\classes started by 33475 in D:\work_boss\dingyangMall)
19:18:53.451 [restartedMain] INFO  c.d.DingyangmallApplication - [logStartupProfileInfo,660] - The following 1 profile is active: "druid"
19:18:56.318 [restartedMain] INFO  o.a.c.h.Http11NioProtocol - [log,173] - Initializing ProtocolHandler ["http-nio-7500"]
19:18:56.323 [restartedMain] INFO  o.a.c.c.StandardService - [log,173] - Starting service [Tomcat]
19:18:56.323 [restartedMain] INFO  o.a.c.c.StandardEngine - [log,173] - Starting Servlet engine: [Apache Tomcat/10.1.30]
19:18:56.408 [restartedMain] INFO  o.a.c.c.C.[.[.[/] - [log,173] - Initializing Spring embedded WebApplicationContext
19:18:57.461 [restartedMain] INFO  c.a.d.p.DruidDataSource - [init,1002] - {dataSource-1} inited
19:19:00.441 [restartedMain] INFO  c.d.w.c.c.WxMaAutoConfiguration - [wxMaService,45] - WxMaService initialized, appId=wx43adcb652c1b2b19
19:19:02.345 [restartedMain] INFO  o.a.c.h.Http11NioProtocol - [log,173] - Starting ProtocolHandler ["http-nio-7500"]
19:19:02.469 [restartedMain] INFO  c.d.DingyangmallApplication - [logStarted,56] - Started DingyangmallApplication in 9.482 seconds (process running for 10.951)
19:19:02.475 [restartedMain] INFO  c.d.DingyangmallApplication - [main,21] - Dingyangmall application started successfully
19:19:15.657 [http-nio-7500-exec-1] INFO  o.a.c.c.C.[.[.[/] - [log,173] - Initializing Spring DispatcherServlet 'dispatcherServlet'
19:19:15.679 [http-nio-7500-exec-1] INFO  c.d.w.c.f.WxMaMemberFilter - [doFilter,107] - [WxMa] path=/weixin/api/ma/goodscategory/tree 已按 token 注入 memberId
19:19:15.727 [http-nio-7500-exec-1] INFO  c.d.w.c.f.WxMaMemberFilter - [doFilter,107] - [WxMa] path=/weixin/api/ma/goodscategory/tree 已按 token 注入 memberId
19:19:15.807 [http-nio-7500-exec-1] INFO  c.d.w.c.f.WxMaErrorRewriteFilter - [doFilter,76] - 校验时 sessionKey from Holder: h1lNXyV1RjlVMRT9Y4RajA==
19:19:15.807 [http-nio-7500-exec-1] INFO  c.d.w.c.f.WxMaErrorRewriteFilter - [doFilter,77] - 校验时 sessionKey from Request: h1lNXyV1RjlVMRT9Y4RajA==
19:19:15.808 [http-nio-7500-exec-1] INFO  c.d.w.c.f.WxMaErrorRewriteFilter - [doFilter,78] - 校验时 token from Header X-Wx-Token: 9481e5ec165c4058adf30306b7f930ec
19:19:18.439 [http-nio-7500-exec-2] INFO  c.d.w.api.WxUserApi - [login,259] - [WxMa] 登录成功，已签发 token，Redis key=wx:token:ce4753b6b57b4c0cbd44ac87819a6d15 expire=7天
19:19:18.649 [http-nio-7500-exec-3] INFO  c.d.w.c.f.WxMaMemberFilter - [doFilter,107] - [WxMa] path=/weixin/api/ma/goodscategory/tree 已按 token 注入 memberId
19:19:18.651 [http-nio-7500-exec-3] INFO  c.d.w.c.f.WxMaMemberFilter - [doFilter,107] - [WxMa] path=/weixin/api/ma/goodscategory/tree 已按 token 注入 memberId
19:19:18.655 [http-nio-7500-exec-3] INFO  c.d.w.c.f.WxMaErrorRewriteFilter - [doFilter,76] - 校验时 sessionKey from Holder: h1lNXyV1RjlVMRT9Y4RajA==
19:19:18.656 [http-nio-7500-exec-3] INFO  c.d.w.c.f.WxMaErrorRewriteFilter - [doFilter,77] - 校验时 sessionKey from Request: h1lNXyV1RjlVMRT9Y4RajA==
19:19:18.656 [http-nio-7500-exec-3] INFO  c.d.w.c.f.WxMaErrorRewriteFilter - [doFilter,78] - 校验时 token from Header X-Wx-Token: ce4753b6b57b4c0cbd44ac87819a6d15
19:23:05.322 [SpringApplicationShutdownHook] INFO  sys-user - [shutdownAsyncManager,31] - ====关闭后台任务任务线程池====
19:23:05.331 [SpringApplicationShutdownHook] INFO  c.a.d.p.DruidDataSource - [close,2204] - {dataSource-1} closing ...
19:23:05.346 [SpringApplicationShutdownHook] INFO  c.a.d.p.DruidDataSource - [close,2277] - {dataSource-1} closed
19:23:09.969 [background-preinit] INFO  o.h.v.i.util.Version - [<clinit>,21] - HV000001: Hibernate Validator 8.0.1.Final
19:23:10.011 [restartedMain] INFO  c.d.DingyangmallApplication - [logStarting,50] - Starting DingyangmallApplication using Java 17.0.12 with PID 34108 (D:\work_boss\dingyangMall\JooLun-wx\dingyangmall-wx\dingyangmall-admin\target\classes started by 33475 in D:\work_boss\dingyangMall)
19:23:10.013 [restartedMain] INFO  c.d.DingyangmallApplication - [logStartupProfileInfo,660] - The following 1 profile is active: "druid"
19:23:13.158 [restartedMain] INFO  o.a.c.h.Http11NioProtocol - [log,173] - Initializing ProtocolHandler ["http-nio-7500"]
19:23:13.164 [restartedMain] INFO  o.a.c.c.StandardService - [log,173] - Starting service [Tomcat]
19:23:13.165 [restartedMain] INFO  o.a.c.c.StandardEngine - [log,173] - Starting Servlet engine: [Apache Tomcat/10.1.30]
19:23:13.245 [restartedMain] INFO  o.a.c.c.C.[.[.[/] - [log,173] - Initializing Spring embedded WebApplicationContext
19:23:15.199 [restartedMain] INFO  c.a.d.p.DruidDataSource - [init,1002] - {dataSource-1} inited
19:23:19.164 [restartedMain] INFO  c.d.w.c.c.WxMaAutoConfiguration - [wxMaService,45] - WxMaService initialized, appId=wx43adcb652c1b2b19
19:23:21.760 [restartedMain] INFO  o.a.c.h.Http11NioProtocol - [log,173] - Starting ProtocolHandler ["http-nio-7500"]
19:23:21.887 [restartedMain] INFO  c.d.DingyangmallApplication - [logStarted,56] - Started DingyangmallApplication in 12.393 seconds (process running for 13.886)
19:23:21.893 [restartedMain] INFO  c.d.DingyangmallApplication - [main,21] - Dingyangmall application started successfully
19:23:21.940 [http-nio-7500-exec-1] INFO  o.a.c.c.C.[.[.[/] - [log,173] - Initializing Spring DispatcherServlet 'dispatcherServlet'
19:23:23.248 [http-nio-7500-exec-1] INFO  c.d.w.api.WxUserApi - [login,259] - [WxMa] 登录成功，已签发 token，Redis key=wx:token:b9b859bf91064fb797309192c8f98409 expire=7天
19:23:23.891 [http-nio-7500-exec-5] INFO  c.d.w.c.f.WxMaMemberFilter - [doFilter,107] - [WxMa] path=/weixin/api/ma/goodscategory/tree 已按 token 注入 memberId
19:23:23.892 [http-nio-7500-exec-7] INFO  c.d.w.c.f.WxMaMemberFilter - [doFilter,107] - [WxMa] path=/weixin/api/ma/goodsspu/page 已按 token 注入 memberId
19:23:23.892 [http-nio-7500-exec-2] INFO  c.d.w.c.f.WxMaMemberFilter - [doFilter,107] - [WxMa] path=/weixin/api/ma/goodsspu/page 已按 token 注入 memberId
19:23:23.892 [http-nio-7500-exec-4] INFO  c.d.w.c.f.WxMaMemberFilter - [doFilter,107] - [WxMa] path=/weixin/api/ma/goodsspu/page 已按 token 注入 memberId
19:23:23.892 [http-nio-7500-exec-3] INFO  c.d.w.c.f.WxMaMemberFilter - [doFilter,107] - [WxMa] path=/weixin/api/ma/goodsspu/page 已按 token 注入 memberId
19:23:23.892 [http-nio-7500-exec-6] INFO  c.d.w.c.f.WxMaMemberFilter - [doFilter,107] - [WxMa] path=/weixin/api/ma/goodsspu/page 已按 token 注入 memberId
19:23:23.896 [http-nio-7500-exec-5] INFO  c.d.w.c.f.WxMaMemberFilter - [doFilter,107] - [WxMa] path=/weixin/api/ma/goodscategory/tree 已按 token 注入 memberId
19:23:23.903 [http-nio-7500-exec-7] INFO  c.d.w.c.f.WxMaMemberFilter - [doFilter,107] - [WxMa] path=/weixin/api/ma/goodsspu/page 已按 token 注入 memberId
19:23:23.903 [http-nio-7500-exec-2] INFO  c.d.w.c.f.WxMaMemberFilter - [doFilter,107] - [WxMa] path=/weixin/api/ma/goodsspu/page 已按 token 注入 memberId
19:23:23.903 [http-nio-7500-exec-3] INFO  c.d.w.c.f.WxMaMemberFilter - [doFilter,107] - [WxMa] path=/weixin/api/ma/goodsspu/page 已按 token 注入 memberId
19:23:23.903 [http-nio-7500-exec-6] INFO  c.d.w.c.f.WxMaMemberFilter - [doFilter,107] - [WxMa] path=/weixin/api/ma/goodsspu/page 已按 token 注入 memberId
19:23:23.903 [http-nio-7500-exec-4] INFO  c.d.w.c.f.WxMaMemberFilter - [doFilter,107] - [WxMa] path=/weixin/api/ma/goodsspu/page 已按 token 注入 memberId
19:23:23.930 [http-nio-7500-exec-3] INFO  c.d.w.c.f.WxMaErrorRewriteFilter - [doFilter,76] - 校验时 sessionKey from Holder: h1lNXyV1RjlVMRT9Y4RajA==
19:23:23.930 [http-nio-7500-exec-6] INFO  c.d.w.c.f.WxMaErrorRewriteFilter - [doFilter,76] - 校验时 sessionKey from Holder: h1lNXyV1RjlVMRT9Y4RajA==
19:23:23.930 [http-nio-7500-exec-5] INFO  c.d.w.c.f.WxMaErrorRewriteFilter - [doFilter,76] - 校验时 sessionKey from Holder: h1lNXyV1RjlVMRT9Y4RajA==
19:23:23.930 [http-nio-7500-exec-4] INFO  c.d.w.c.f.WxMaErrorRewriteFilter - [doFilter,76] - 校验时 sessionKey from Holder: h1lNXyV1RjlVMRT9Y4RajA==
19:23:23.930 [http-nio-7500-exec-7] INFO  c.d.w.c.f.WxMaErrorRewriteFilter - [doFilter,76] - 校验时 sessionKey from Holder: h1lNXyV1RjlVMRT9Y4RajA==
19:23:23.930 [http-nio-7500-exec-2] INFO  c.d.w.c.f.WxMaErrorRewriteFilter - [doFilter,76] - 校验时 sessionKey from Holder: h1lNXyV1RjlVMRT9Y4RajA==
19:23:23.932 [http-nio-7500-exec-6] INFO  c.d.w.c.f.WxMaErrorRewriteFilter - [doFilter,77] - 校验时 sessionKey from Request: h1lNXyV1RjlVMRT9Y4RajA==
19:23:23.932 [http-nio-7500-exec-4] INFO  c.d.w.c.f.WxMaErrorRewriteFilter - [doFilter,77] - 校验时 sessionKey from Request: h1lNXyV1RjlVMRT9Y4RajA==
19:23:23.932 [http-nio-7500-exec-5] INFO  c.d.w.c.f.WxMaErrorRewriteFilter - [doFilter,77] - 校验时 sessionKey from Request: h1lNXyV1RjlVMRT9Y4RajA==
19:23:23.932 [http-nio-7500-exec-3] INFO  c.d.w.c.f.WxMaErrorRewriteFilter - [doFilter,77] - 校验时 sessionKey from Request: h1lNXyV1RjlVMRT9Y4RajA==
19:23:23.932 [http-nio-7500-exec-7] INFO  c.d.w.c.f.WxMaErrorRewriteFilter - [doFilter,77] - 校验时 sessionKey from Request: h1lNXyV1RjlVMRT9Y4RajA==
19:23:23.932 [http-nio-7500-exec-2] INFO  c.d.w.c.f.WxMaErrorRewriteFilter - [doFilter,77] - 校验时 sessionKey from Request: h1lNXyV1RjlVMRT9Y4RajA==
19:23:23.932 [http-nio-7500-exec-6] INFO  c.d.w.c.f.WxMaErrorRewriteFilter - [doFilter,78] - 校验时 token from Header X-Wx-Token: b9b859bf91064fb797309192c8f98409
19:23:23.932 [http-nio-7500-exec-5] INFO  c.d.w.c.f.WxMaErrorRewriteFilter - [doFilter,78] - 校验时 token from Header X-Wx-Token: b9b859bf91064fb797309192c8f98409
19:23:23.932 [http-nio-7500-exec-4] INFO  c.d.w.c.f.WxMaErrorRewriteFilter - [doFilter,78] - 校验时 token from Header X-Wx-Token: b9b859bf91064fb797309192c8f98409
19:23:23.932 [http-nio-7500-exec-3] INFO  c.d.w.c.f.WxMaErrorRewriteFilter - [doFilter,78] - 校验时 token from Header X-Wx-Token: b9b859bf91064fb797309192c8f98409
19:23:23.932 [http-nio-7500-exec-7] INFO  c.d.w.c.f.WxMaErrorRewriteFilter - [doFilter,78] - 校验时 token from Header X-Wx-Token: b9b859bf91064fb797309192c8f98409
19:23:23.932 [http-nio-7500-exec-2] INFO  c.d.w.c.f.WxMaErrorRewriteFilter - [doFilter,78] - 校验时 token from Header X-Wx-Token: b9b859bf91064fb797309192c8f98409
19:23:23.945 [http-nio-7500-exec-8] INFO  c.d.w.c.f.WxMaMemberFilter - [doFilter,107] - [WxMa] path=/weixin/api/ma/shoppingcart/count 已按 token 注入 memberId
19:23:23.947 [http-nio-7500-exec-8] INFO  c.d.w.c.f.WxMaMemberFilter - [doFilter,107] - [WxMa] path=/weixin/api/ma/shoppingcart/count 已按 token 注入 memberId
19:23:23.949 [http-nio-7500-exec-8] INFO  c.d.w.c.f.WxMaErrorRewriteFilter - [doFilter,76] - 校验时 sessionKey from Holder: h1lNXyV1RjlVMRT9Y4RajA==
19:23:23.950 [http-nio-7500-exec-8] INFO  c.d.w.c.f.WxMaErrorRewriteFilter - [doFilter,77] - 校验时 sessionKey from Request: h1lNXyV1RjlVMRT9Y4RajA==
19:23:23.950 [http-nio-7500-exec-8] INFO  c.d.w.c.f.WxMaErrorRewriteFilter - [doFilter,78] - 校验时 token from Header X-Wx-Token: b9b859bf91064fb797309192c8f98409
19:23:25.411 [http-nio-7500-exec-9] INFO  c.d.w.api.WxUserApi - [login,259] - [WxMa] 登录成功，已签发 token，Redis key=wx:token:89f1720d50b540b09c7c58b3ed6dc462 expire=7天
19:23:25.925 [http-nio-7500-exec-10] INFO  c.d.w.c.f.WxMaMemberFilter - [doFilter,107] - [WxMa] path=/weixin/api/ma/goodsspu/page 已按 token 注入 memberId
19:23:25.925 [http-nio-7500-exec-11] INFO  c.d.w.c.f.WxMaMemberFilter - [doFilter,107] - [WxMa] path=/weixin/api/ma/goodsspu/page 已按 token 注入 memberId
19:23:25.925 [http-nio-7500-exec-12] INFO  c.d.w.c.f.WxMaMemberFilter - [doFilter,107] - [WxMa] path=/weixin/api/ma/goodsspu/page 已按 token 注入 memberId
19:23:25.925 [http-nio-7500-exec-13] INFO  c.d.w.c.f.WxMaMemberFilter - [doFilter,107] - [WxMa] path=/weixin/api/ma/goodsspu/page 已按 token 注入 memberId
19:23:25.926 [http-nio-7500-exec-14] INFO  c.d.w.c.f.WxMaMemberFilter - [doFilter,107] - [WxMa] path=/weixin/api/ma/goodsspu/page 已按 token 注入 memberId
19:23:25.927 [http-nio-7500-exec-15] INFO  c.d.w.c.f.WxMaMemberFilter - [doFilter,107] - [WxMa] path=/weixin/api/ma/goodscategory/tree 已按 token 注入 memberId
19:23:25.927 [http-nio-7500-exec-10] INFO  c.d.w.c.f.WxMaMemberFilter - [doFilter,107] - [WxMa] path=/weixin/api/ma/goodsspu/page 已按 token 注入 memberId
19:23:25.927 [http-nio-7500-exec-11] INFO  c.d.w.c.f.WxMaMemberFilter - [doFilter,107] - [WxMa] path=/weixin/api/ma/goodsspu/page 已按 token 注入 memberId
19:23:25.927 [http-nio-7500-exec-13] INFO  c.d.w.c.f.WxMaMemberFilter - [doFilter,107] - [WxMa] path=/weixin/api/ma/goodsspu/page 已按 token 注入 memberId
19:23:25.927 [http-nio-7500-exec-12] INFO  c.d.w.c.f.WxMaMemberFilter - [doFilter,107] - [WxMa] path=/weixin/api/ma/goodsspu/page 已按 token 注入 memberId
19:23:25.927 [http-nio-7500-exec-14] INFO  c.d.w.c.f.WxMaMemberFilter - [doFilter,107] - [WxMa] path=/weixin/api/ma/goodsspu/page 已按 token 注入 memberId
19:23:25.929 [http-nio-7500-exec-15] INFO  c.d.w.c.f.WxMaMemberFilter - [doFilter,107] - [WxMa] path=/weixin/api/ma/goodscategory/tree 已按 token 注入 memberId
19:23:25.929 [http-nio-7500-exec-12] INFO  c.d.w.c.f.WxMaErrorRewriteFilter - [doFilter,76] - 校验时 sessionKey from Holder: h1lNXyV1RjlVMRT9Y4RajA==
19:23:25.929 [http-nio-7500-exec-11] INFO  c.d.w.c.f.WxMaErrorRewriteFilter - [doFilter,76] - 校验时 sessionKey from Holder: h1lNXyV1RjlVMRT9Y4RajA==
19:23:25.929 [http-nio-7500-exec-13] INFO  c.d.w.c.f.WxMaErrorRewriteFilter - [doFilter,76] - 校验时 sessionKey from Holder: h1lNXyV1RjlVMRT9Y4RajA==
19:23:25.930 [http-nio-7500-exec-10] INFO  c.d.w.c.f.WxMaErrorRewriteFilter - [doFilter,76] - 校验时 sessionKey from Holder: h1lNXyV1RjlVMRT9Y4RajA==
19:23:25.930 [http-nio-7500-exec-14] INFO  c.d.w.c.f.WxMaErrorRewriteFilter - [doFilter,76] - 校验时 sessionKey from Holder: h1lNXyV1RjlVMRT9Y4RajA==
19:23:25.930 [http-nio-7500-exec-12] INFO  c.d.w.c.f.WxMaErrorRewriteFilter - [doFilter,77] - 校验时 sessionKey from Request: h1lNXyV1RjlVMRT9Y4RajA==
19:23:25.930 [http-nio-7500-exec-11] INFO  c.d.w.c.f.WxMaErrorRewriteFilter - [doFilter,77] - 校验时 sessionKey from Request: h1lNXyV1RjlVMRT9Y4RajA==
19:23:25.930 [http-nio-7500-exec-13] INFO  c.d.w.c.f.WxMaErrorRewriteFilter - [doFilter,77] - 校验时 sessionKey from Request: h1lNXyV1RjlVMRT9Y4RajA==
19:23:25.930 [http-nio-7500-exec-10] INFO  c.d.w.c.f.WxMaErrorRewriteFilter - [doFilter,77] - 校验时 sessionKey from Request: h1lNXyV1RjlVMRT9Y4RajA==
19:23:25.930 [http-nio-7500-exec-14] INFO  c.d.w.c.f.WxMaErrorRewriteFilter - [doFilter,77] - 校验时 sessionKey from Request: h1lNXyV1RjlVMRT9Y4RajA==
19:23:25.930 [http-nio-7500-exec-12] INFO  c.d.w.c.f.WxMaErrorRewriteFilter - [doFilter,78] - 校验时 token from Header X-Wx-Token: 89f1720d50b540b09c7c58b3ed6dc462
19:23:25.930 [http-nio-7500-exec-11] INFO  c.d.w.c.f.WxMaErrorRewriteFilter - [doFilter,78] - 校验时 token from Header X-Wx-Token: 89f1720d50b540b09c7c58b3ed6dc462
19:23:25.930 [http-nio-7500-exec-13] INFO  c.d.w.c.f.WxMaErrorRewriteFilter - [doFilter,78] - 校验时 token from Header X-Wx-Token: 89f1720d50b540b09c7c58b3ed6dc462
19:23:25.930 [http-nio-7500-exec-10] INFO  c.d.w.c.f.WxMaErrorRewriteFilter - [doFilter,78] - 校验时 token from Header X-Wx-Token: 89f1720d50b540b09c7c58b3ed6dc462
19:23:25.930 [http-nio-7500-exec-14] INFO  c.d.w.c.f.WxMaErrorRewriteFilter - [doFilter,78] - 校验时 token from Header X-Wx-Token: 89f1720d50b540b09c7c58b3ed6dc462
19:23:25.930 [http-nio-7500-exec-15] INFO  c.d.w.c.f.WxMaErrorRewriteFilter - [doFilter,76] - 校验时 sessionKey from Holder: h1lNXyV1RjlVMRT9Y4RajA==
19:23:25.932 [http-nio-7500-exec-15] INFO  c.d.w.c.f.WxMaErrorRewriteFilter - [doFilter,77] - 校验时 sessionKey from Request: h1lNXyV1RjlVMRT9Y4RajA==
19:23:25.933 [http-nio-7500-exec-15] INFO  c.d.w.c.f.WxMaErrorRewriteFilter - [doFilter,78] - 校验时 token from Header X-Wx-Token: 89f1720d50b540b09c7c58b3ed6dc462
19:23:25.940 [http-nio-7500-exec-16] INFO  c.d.w.c.f.WxMaMemberFilter - [doFilter,107] - [WxMa] path=/weixin/api/ma/shoppingcart/count 已按 token 注入 memberId
19:23:25.942 [http-nio-7500-exec-16] INFO  c.d.w.c.f.WxMaMemberFilter - [doFilter,107] - [WxMa] path=/weixin/api/ma/shoppingcart/count 已按 token 注入 memberId
19:23:25.943 [http-nio-7500-exec-16] INFO  c.d.w.c.f.WxMaErrorRewriteFilter - [doFilter,76] - 校验时 sessionKey from Holder: h1lNXyV1RjlVMRT9Y4RajA==
19:23:25.944 [http-nio-7500-exec-16] INFO  c.d.w.c.f.WxMaErrorRewriteFilter - [doFilter,77] - 校验时 sessionKey from Request: h1lNXyV1RjlVMRT9Y4RajA==
19:23:25.944 [http-nio-7500-exec-16] INFO  c.d.w.c.f.WxMaErrorRewriteFilter - [doFilter,78] - 校验时 token from Header X-Wx-Token: 89f1720d50b540b09c7c58b3ed6dc462
19:24:46.003 [Thread-5] INFO  o.a.c.h.Http11NioProtocol - [log,173] - Stopping ProtocolHandler ["http-nio-7500"]
19:24:46.149 [Thread-5] INFO  sys-user - [shutdownAsyncManager,31] - ====关闭后台任务任务线程池====
19:24:46.155 [Thread-5] INFO  c.a.d.p.DruidDataSource - [close,2204] - {dataSource-1} closing ...
19:24:46.164 [Thread-5] INFO  c.a.d.p.DruidDataSource - [close,2277] - {dataSource-1} closed
19:24:46.321 [restartedMain] INFO  c.d.DingyangmallApplication - [logStarting,50] - Starting DingyangmallApplication using Java 17.0.12 with PID 34108 (D:\work_boss\dingyangMall\JooLun-wx\dingyangmall-wx\dingyangmall-admin\target\classes started by 33475 in D:\work_boss\dingyangMall)
19:24:46.321 [restartedMain] INFO  c.d.DingyangmallApplication - [logStartupProfileInfo,660] - The following 1 profile is active: "druid"
19:24:47.777 [restartedMain] INFO  o.a.c.h.Http11NioProtocol - [log,173] - Initializing ProtocolHandler ["http-nio-7500"]
19:24:47.778 [restartedMain] INFO  o.a.c.c.StandardService - [log,173] - Starting service [Tomcat]
19:24:47.778 [restartedMain] INFO  o.a.c.c.StandardEngine - [log,173] - Starting Servlet engine: [Apache Tomcat/10.1.30]
19:24:47.827 [restartedMain] INFO  o.a.c.c.C.[.[.[/] - [log,173] - Initializing Spring embedded WebApplicationContext
19:24:48.475 [restartedMain] INFO  c.a.d.p.DruidDataSource - [init,1002] - {dataSource-2} inited
19:24:50.369 [restartedMain] INFO  c.d.w.c.c.WxMaAutoConfiguration - [wxMaService,45] - WxMaService initialized, appId=wx43adcb652c1b2b19
19:24:52.372 [restartedMain] INFO  o.a.c.h.Http11NioProtocol - [log,173] - Starting ProtocolHandler ["http-nio-7500"]
19:24:52.409 [restartedMain] INFO  c.d.DingyangmallApplication - [logStarted,56] - Started DingyangmallApplication in 6.141 seconds (process running for 104.409)
19:24:52.415 [restartedMain] INFO  c.d.DingyangmallApplication - [main,21] - Dingyangmall application started successfully
19:25:06.242 [Thread-7] INFO  o.a.c.h.Http11NioProtocol - [log,173] - Stopping ProtocolHandler ["http-nio-7500"]
19:25:06.323 [Thread-7] INFO  sys-user - [shutdownAsyncManager,31] - ====关闭后台任务任务线程池====
19:25:06.327 [Thread-7] INFO  c.a.d.p.DruidDataSource - [close,2204] - {dataSource-2} closing ...
19:25:06.330 [Thread-7] INFO  c.a.d.p.DruidDataSource - [close,2277] - {dataSource-2} closed
19:25:06.492 [restartedMain] INFO  c.d.DingyangmallApplication - [logStarting,50] - Starting DingyangmallApplication using Java 17.0.12 with PID 34108 (D:\work_boss\dingyangMall\JooLun-wx\dingyangmall-wx\dingyangmall-admin\target\classes started by 33475 in D:\work_boss\dingyangMall)
19:25:06.492 [restartedMain] INFO  c.d.DingyangmallApplication - [logStartupProfileInfo,660] - The following 1 profile is active: "druid"
19:25:07.445 [restartedMain] INFO  o.a.c.h.Http11NioProtocol - [log,173] - Initializing ProtocolHandler ["http-nio-7500"]
19:25:07.445 [restartedMain] INFO  o.a.c.c.StandardService - [log,173] - Starting service [Tomcat]
19:25:07.445 [restartedMain] INFO  o.a.c.c.StandardEngine - [log,173] - Starting Servlet engine: [Apache Tomcat/10.1.30]
19:25:07.476 [restartedMain] INFO  o.a.c.c.C.[.[.[/] - [log,173] - Initializing Spring embedded WebApplicationContext
19:25:08.047 [restartedMain] INFO  c.a.d.p.DruidDataSource - [init,1002] - {dataSource-3} inited
19:25:09.644 [restartedMain] INFO  c.d.w.c.c.WxMaAutoConfiguration - [wxMaService,45] - WxMaService initialized, appId=wx43adcb652c1b2b19
19:25:11.082 [restartedMain] INFO  o.a.c.h.Http11NioProtocol - [log,173] - Starting ProtocolHandler ["http-nio-7500"]
19:25:11.120 [restartedMain] INFO  c.d.DingyangmallApplication - [logStarted,56] - Started DingyangmallApplication in 4.682 seconds (process running for 123.12)
19:25:11.123 [restartedMain] INFO  c.d.DingyangmallApplication - [main,21] - Dingyangmall application started successfully
19:25:24.364 [Thread-11] INFO  o.a.c.h.Http11NioProtocol - [log,173] - Stopping ProtocolHandler ["http-nio-7500"]
19:25:24.435 [Thread-11] INFO  sys-user - [shutdownAsyncManager,31] - ====关闭后台任务任务线程池====
19:25:24.439 [Thread-11] INFO  c.a.d.p.DruidDataSource - [close,2204] - {dataSource-3} closing ...
19:25:24.440 [Thread-11] INFO  c.a.d.p.DruidDataSource - [close,2277] - {dataSource-3} closed
19:25:24.590 [restartedMain] INFO  c.d.DingyangmallApplication - [logStarting,50] - Starting DingyangmallApplication using Java 17.0.12 with PID 34108 (D:\work_boss\dingyangMall\JooLun-wx\dingyangmall-wx\dingyangmall-admin\target\classes started by 33475 in D:\work_boss\dingyangMall)
19:25:24.591 [restartedMain] INFO  c.d.DingyangmallApplication - [logStartupProfileInfo,660] - The following 1 profile is active: "druid"
19:25:25.737 [restartedMain] INFO  o.a.c.h.Http11NioProtocol - [log,173] - Initializing ProtocolHandler ["http-nio-7500"]
19:25:25.737 [restartedMain] INFO  o.a.c.c.StandardService - [log,173] - Starting service [Tomcat]
19:25:25.737 [restartedMain] INFO  o.a.c.c.StandardEngine - [log,173] - Starting Servlet engine: [Apache Tomcat/10.1.30]
19:25:25.769 [restartedMain] INFO  o.a.c.c.C.[.[.[/] - [log,173] - Initializing Spring embedded WebApplicationContext
19:25:26.331 [restartedMain] INFO  c.a.d.p.DruidDataSource - [init,1002] - {dataSource-4} inited
19:25:28.056 [restartedMain] INFO  c.d.w.c.c.WxMaAutoConfiguration - [wxMaService,45] - WxMaService initialized, appId=wx43adcb652c1b2b19
19:25:29.607 [restartedMain] INFO  o.a.c.h.Http11NioProtocol - [log,173] - Starting ProtocolHandler ["http-nio-7500"]
19:25:29.643 [restartedMain] INFO  c.d.DingyangmallApplication - [logStarted,56] - Started DingyangmallApplication in 5.103 seconds (process running for 141.643)
19:25:29.648 [restartedMain] INFO  c.d.DingyangmallApplication - [main,21] - Dingyangmall application started successfully
19:26:25.541 [Thread-15] INFO  o.a.c.h.Http11NioProtocol - [log,173] - Stopping ProtocolHandler ["http-nio-7500"]
19:26:25.641 [Thread-15] INFO  sys-user - [shutdownAsyncManager,31] - ====关闭后台任务任务线程池====
19:26:25.649 [Thread-15] INFO  c.a.d.p.DruidDataSource - [close,2204] - {dataSource-4} closing ...
19:26:25.651 [Thread-15] INFO  c.a.d.p.DruidDataSource - [close,2277] - {dataSource-4} closed
19:26:25.879 [restartedMain] INFO  c.d.DingyangmallApplication - [logStarting,50] - Starting DingyangmallApplication using Java 17.0.12 with PID 34108 (D:\work_boss\dingyangMall\JooLun-wx\dingyangmall-wx\dingyangmall-admin\target\classes started by 33475 in D:\work_boss\dingyangMall)
19:26:25.880 [restartedMain] INFO  c.d.DingyangmallApplication - [logStartupProfileInfo,660] - The following 1 profile is active: "druid"
19:26:28.964 [restartedMain] INFO  c.d.DingyangmallApplication - [logStarting,50] - Starting DingyangmallApplication using Java 17.0.12 with PID 34108 (D:\work_boss\dingyangMall\JooLun-wx\dingyangmall-wx\dingyangmall-admin\target\classes started by 33475 in D:\work_boss\dingyangMall)
19:26:28.965 [restartedMain] INFO  c.d.DingyangmallApplication - [logStartupProfileInfo,660] - The following 1 profile is active: "druid"
19:26:31.251 [restartedMain] INFO  o.a.c.h.Http11NioProtocol - [log,173] - Initializing ProtocolHandler ["http-nio-7500"]
19:26:31.252 [restartedMain] INFO  o.a.c.c.StandardService - [log,173] - Starting service [Tomcat]
19:26:31.252 [restartedMain] INFO  o.a.c.c.StandardEngine - [log,173] - Starting Servlet engine: [Apache Tomcat/10.1.30]
19:26:31.303 [restartedMain] INFO  o.a.c.c.C.[.[.[/] - [log,173] - Initializing Spring embedded WebApplicationContext
19:26:32.100 [restartedMain] INFO  c.a.d.p.DruidDataSource - [init,1002] - {dataSource-5} inited
19:26:34.619 [restartedMain] INFO  c.d.w.c.c.WxMaAutoConfiguration - [wxMaService,45] - WxMaService initialized, appId=wx43adcb652c1b2b19
19:26:36.759 [restartedMain] INFO  o.a.c.h.Http11NioProtocol - [log,173] - Starting ProtocolHandler ["http-nio-7500"]
19:26:36.790 [restartedMain] INFO  c.d.DingyangmallApplication - [logStarted,56] - Started DingyangmallApplication in 7.879 seconds (process running for 208.79)
19:26:36.793 [restartedMain] INFO  c.d.DingyangmallApplication - [main,21] - Dingyangmall application started successfully
19:26:36.889 [http-nio-7500-exec-1] INFO  o.a.c.c.C.[.[.[/] - [log,173] - Initializing Spring DispatcherServlet 'dispatcherServlet'
19:26:36.904 [http-nio-7500-exec-1] INFO  c.d.w.c.f.WxMaMemberFilter - [doFilter,107] - [WxMa] path=/weixin/api/ma/goodscategory/tree 已按 token 注入 memberId
19:26:36.907 [http-nio-7500-exec-1] INFO  c.d.w.c.f.WxMaMemberFilter - [doFilter,107] - [WxMa] path=/weixin/api/ma/goodscategory/tree 已按 token 注入 memberId
19:27:00.847 [http-nio-7500-exec-4] INFO  c.d.w.api.WxUserApi - [login,259] - [WxMa] 登录成功，已签发 token，Redis key=wx:token:b81e5a3bb6fa450fabcb5ff203c93f4f expire=7天
19:27:01.006 [http-nio-7500-exec-5] INFO  c.d.w.c.f.WxMaMemberFilter - [doFilter,107] - [WxMa] path=/weixin/api/ma/goodscategory/tree 已按 token 注入 memberId
19:27:01.007 [http-nio-7500-exec-5] INFO  c.d.w.c.f.WxMaMemberFilter - [doFilter,107] - [WxMa] path=/weixin/api/ma/goodscategory/tree 已按 token 注入 memberId
19:27:17.024 [Thread-19] INFO  o.a.c.h.Http11NioProtocol - [log,173] - Stopping ProtocolHandler ["http-nio-7500"]
19:27:17.122 [Thread-19] INFO  sys-user - [shutdownAsyncManager,31] - ====关闭后台任务任务线程池====
19:27:17.131 [Thread-19] INFO  c.a.d.p.DruidDataSource - [close,2204] - {dataSource-5} closing ...
19:27:17.133 [Thread-19] INFO  c.a.d.p.DruidDataSource - [close,2277] - {dataSource-5} closed
19:27:17.337 [restartedMain] INFO  c.d.DingyangmallApplication - [logStarting,50] - Starting DingyangmallApplication using Java 17.0.12 with PID 34108 (D:\work_boss\dingyangMall\JooLun-wx\dingyangmall-wx\dingyangmall-admin\target\classes started by 33475 in D:\work_boss\dingyangMall)
19:27:17.337 [restartedMain] INFO  c.d.DingyangmallApplication - [logStartupProfileInfo,660] - The following 1 profile is active: "druid"
19:27:19.012 [restartedMain] INFO  o.a.c.h.Http11NioProtocol - [log,173] - Initializing ProtocolHandler ["http-nio-7500"]
19:27:19.012 [restartedMain] INFO  o.a.c.c.StandardService - [log,173] - Starting service [Tomcat]
19:27:19.013 [restartedMain] INFO  o.a.c.c.StandardEngine - [log,173] - Starting Servlet engine: [Apache Tomcat/10.1.30]
19:27:19.077 [restartedMain] INFO  o.a.c.c.C.[.[.[/] - [log,173] - Initializing Spring embedded WebApplicationContext
19:27:19.858 [restartedMain] INFO  c.a.d.p.DruidDataSource - [init,1002] - {dataSource-6} inited
19:27:22.306 [restartedMain] INFO  c.d.w.c.c.WxMaAutoConfiguration - [wxMaService,45] - WxMaService initialized, appId=wx43adcb652c1b2b19
19:27:24.361 [restartedMain] INFO  o.a.c.h.Http11NioProtocol - [log,173] - Starting ProtocolHandler ["http-nio-7500"]
19:27:24.392 [restartedMain] INFO  c.d.DingyangmallApplication - [logStarted,56] - Started DingyangmallApplication in 7.117 seconds (process running for 256.393)
19:27:24.396 [restartedMain] INFO  c.d.DingyangmallApplication - [main,21] - Dingyangmall application started successfully
19:27:30.054 [Thread-26] INFO  o.a.c.h.Http11NioProtocol - [log,173] - Stopping ProtocolHandler ["http-nio-7500"]
19:27:30.136 [Thread-26] INFO  sys-user - [shutdownAsyncManager,31] - ====关闭后台任务任务线程池====
19:27:30.140 [Thread-26] INFO  c.a.d.p.DruidDataSource - [close,2204] - {dataSource-6} closing ...
19:27:30.142 [Thread-26] INFO  c.a.d.p.DruidDataSource - [close,2277] - {dataSource-6} closed
19:27:30.323 [restartedMain] INFO  c.d.DingyangmallApplication - [logStarting,50] - Starting DingyangmallApplication using Java 17.0.12 with PID 34108 (D:\work_boss\dingyangMall\JooLun-wx\dingyangmall-wx\dingyangmall-admin\target\classes started by 33475 in D:\work_boss\dingyangMall)
19:27:30.324 [restartedMain] INFO  c.d.DingyangmallApplication - [logStartupProfileInfo,660] - The following 1 profile is active: "druid"
19:27:35.152 [restartedMain] INFO  c.d.DingyangmallApplication - [logStarting,50] - Starting DingyangmallApplication using Java 17.0.12 with PID 34108 (D:\work_boss\dingyangMall\JooLun-wx\dingyangmall-wx\dingyangmall-admin\target\classes started by 33475 in D:\work_boss\dingyangMall)
19:27:35.152 [restartedMain] INFO  c.d.DingyangmallApplication - [logStartupProfileInfo,660] - The following 1 profile is active: "druid"
19:27:36.906 [restartedMain] INFO  o.a.c.h.Http11NioProtocol - [log,173] - Initializing ProtocolHandler ["http-nio-7500"]
19:27:36.907 [restartedMain] INFO  o.a.c.c.StandardService - [log,173] - Starting service [Tomcat]
19:27:36.907 [restartedMain] INFO  o.a.c.c.StandardEngine - [log,173] - Starting Servlet engine: [Apache Tomcat/10.1.30]
19:27:36.980 [restartedMain] INFO  o.a.c.c.C.[.[.[/] - [log,173] - Initializing Spring embedded WebApplicationContext
19:27:37.880 [restartedMain] INFO  c.a.d.p.DruidDataSource - [init,1002] - {dataSource-7} inited
19:27:40.812 [restartedMain] INFO  c.d.w.c.c.WxMaAutoConfiguration - [wxMaService,45] - WxMaService initialized, appId=wx43adcb652c1b2b19
19:27:43.213 [restartedMain] INFO  o.a.c.h.Http11NioProtocol - [log,173] - Starting ProtocolHandler ["http-nio-7500"]
19:27:43.292 [restartedMain] INFO  c.d.DingyangmallApplication - [logStarted,56] - Started DingyangmallApplication in 8.196 seconds (process running for 275.291)
19:27:43.297 [restartedMain] INFO  c.d.DingyangmallApplication - [main,21] - Dingyangmall application started successfully
19:28:42.756 [SpringApplicationShutdownHook] INFO  sys-user - [shutdownAsyncManager,31] - ====关闭后台任务任务线程池====
19:28:42.760 [SpringApplicationShutdownHook] INFO  c.a.d.p.DruidDataSource - [close,2204] - {dataSource-7} closing ...
19:28:42.761 [SpringApplicationShutdownHook] INFO  c.a.d.p.DruidDataSource - [close,2277] - {dataSource-7} closed
19:28:47.047 [background-preinit] INFO  o.h.v.i.util.Version - [<clinit>,21] - HV000001: Hibernate Validator 8.0.1.Final
19:28:47.092 [restartedMain] INFO  c.d.DingyangmallApplication - [logStarting,50] - Starting DingyangmallApplication using Java 17.0.12 with PID 20068 (D:\work_boss\dingyangMall\JooLun-wx\dingyangmall-wx\dingyangmall-admin\target\classes started by 33475 in D:\work_boss\dingyangMall)
19:28:47.093 [restartedMain] INFO  c.d.DingyangmallApplication - [logStartupProfileInfo,660] - The following 1 profile is active: "druid"
19:28:50.204 [restartedMain] INFO  o.a.c.h.Http11NioProtocol - [log,173] - Initializing ProtocolHandler ["http-nio-7500"]
19:28:50.209 [restartedMain] INFO  o.a.c.c.StandardService - [log,173] - Starting service [Tomcat]
19:28:50.209 [restartedMain] INFO  o.a.c.c.StandardEngine - [log,173] - Starting Servlet engine: [Apache Tomcat/10.1.30]
19:28:50.292 [restartedMain] INFO  o.a.c.c.C.[.[.[/] - [log,173] - Initializing Spring embedded WebApplicationContext
19:28:51.443 [restartedMain] INFO  c.a.d.p.DruidDataSource - [init,1002] - {dataSource-1} inited
19:28:54.766 [restartedMain] INFO  c.d.w.c.c.WxMaAutoConfiguration - [wxMaService,45] - WxMaService initialized, appId=wx43adcb652c1b2b19
19:28:56.779 [restartedMain] INFO  o.a.c.h.Http11NioProtocol - [log,173] - Starting ProtocolHandler ["http-nio-7500"]
19:28:56.889 [restartedMain] INFO  c.d.DingyangmallApplication - [logStarted,56] - Started DingyangmallApplication in 10.325 seconds (process running for 11.636)
19:28:56.896 [restartedMain] INFO  c.d.DingyangmallApplication - [main,21] - Dingyangmall application started successfully
19:29:24.383 [Thread-5] INFO  o.a.c.h.Http11NioProtocol - [log,173] - Stopping ProtocolHandler ["http-nio-7500"]
19:29:24.458 [Thread-5] INFO  sys-user - [shutdownAsyncManager,31] - ====关闭后台任务任务线程池====
19:29:24.466 [Thread-5] INFO  c.a.d.p.DruidDataSource - [close,2204] - {dataSource-1} closing ...
19:29:24.475 [Thread-5] INFO  c.a.d.p.DruidDataSource - [close,2277] - {dataSource-1} closed
19:29:24.638 [restartedMain] INFO  c.d.DingyangmallApplication - [logStarting,50] - Starting DingyangmallApplication using Java 17.0.12 with PID 20068 (D:\work_boss\dingyangMall\JooLun-wx\dingyangmall-wx\dingyangmall-admin\target\classes started by 33475 in D:\work_boss\dingyangMall)
19:29:24.639 [restartedMain] INFO  c.d.DingyangmallApplication - [logStartupProfileInfo,660] - The following 1 profile is active: "druid"
19:29:26.012 [restartedMain] INFO  o.a.c.h.Http11NioProtocol - [log,173] - Initializing ProtocolHandler ["http-nio-7500"]
19:29:26.013 [restartedMain] INFO  o.a.c.c.StandardService - [log,173] - Starting service [Tomcat]
19:29:26.013 [restartedMain] INFO  o.a.c.c.StandardEngine - [log,173] - Starting Servlet engine: [Apache Tomcat/10.1.30]
19:29:26.050 [restartedMain] INFO  o.a.c.c.C.[.[.[/] - [log,173] - Initializing Spring embedded WebApplicationContext
19:29:26.653 [restartedMain] INFO  c.a.d.p.DruidDataSource - [init,1002] - {dataSource-2} inited
19:29:29.708 [restartedMain] INFO  c.d.w.c.c.WxMaAutoConfiguration - [wxMaService,45] - WxMaService initialized, appId=wx43adcb652c1b2b19
19:29:31.569 [restartedMain] INFO  o.a.c.h.Http11NioProtocol - [log,173] - Starting ProtocolHandler ["http-nio-7500"]
19:29:31.595 [restartedMain] INFO  c.d.DingyangmallApplication - [logStarted,56] - Started DingyangmallApplication in 7.015 seconds (process running for 46.341)
19:29:31.598 [restartedMain] INFO  c.d.DingyangmallApplication - [main,21] - 如囍优选启动成功
19:29:38.010 [SpringApplicationShutdownHook] INFO  sys-user - [shutdownAsyncManager,31] - ====关闭后台任务任务线程池====
19:29:38.014 [SpringApplicationShutdownHook] INFO  c.a.d.p.DruidDataSource - [close,2204] - {dataSource-2} closing ...
19:29:38.015 [SpringApplicationShutdownHook] INFO  c.a.d.p.DruidDataSource - [close,2277] - {dataSource-2} closed
19:30:40.394 [background-preinit] INFO  o.h.v.i.util.Version - [<clinit>,21] - HV000001: Hibernate Validator 8.0.1.Final
19:30:40.447 [restartedMain] INFO  c.d.DingyangmallApplication - [logStarting,50] - Starting DingyangmallApplication using Java 17.0.12 with PID 3468 (D:\work_boss\dingyangMall\JooLun-wx\dingyangmall-wx\dingyangmall-admin\target\classes started by 33475 in D:\work_boss\dingyangMall)
19:30:40.449 [restartedMain] INFO  c.d.DingyangmallApplication - [logStartupProfileInfo,660] - The following 1 profile is active: "druid"
19:30:44.444 [restartedMain] INFO  o.a.c.h.Http11NioProtocol - [log,173] - Initializing ProtocolHandler ["http-nio-7500"]
19:30:44.450 [restartedMain] INFO  o.a.c.c.StandardService - [log,173] - Starting service [Tomcat]
19:30:44.450 [restartedMain] INFO  o.a.c.c.StandardEngine - [log,173] - Starting Servlet engine: [Apache Tomcat/10.1.30]
19:30:44.546 [restartedMain] INFO  o.a.c.c.C.[.[.[/] - [log,173] - Initializing Spring embedded WebApplicationContext
19:30:46.066 [restartedMain] INFO  c.a.d.p.DruidDataSource - [init,1002] - {dataSource-1} inited
19:30:50.078 [restartedMain] INFO  c.d.w.c.c.WxMaAutoConfiguration - [wxMaService,45] - WxMaService initialized, appId=wx43adcb652c1b2b19
19:30:52.789 [restartedMain] INFO  o.a.c.h.Http11NioProtocol - [log,173] - Starting ProtocolHandler ["http-nio-7500"]
19:30:52.909 [restartedMain] INFO  c.d.DingyangmallApplication - [logStarted,56] - Started DingyangmallApplication in 13.203 seconds (process running for 16.351)
19:30:52.916 [restartedMain] INFO  c.d.DingyangmallApplication - [main,21] - 如囍优选启动成功
19:30:58.366 [Thread-5] INFO  o.a.c.h.Http11NioProtocol - [log,173] - Stopping ProtocolHandler ["http-nio-7500"]
19:30:58.446 [Thread-5] INFO  sys-user - [shutdownAsyncManager,31] - ====关闭后台任务任务线程池====
19:30:58.453 [Thread-5] INFO  c.a.d.p.DruidDataSource - [close,2204] - {dataSource-1} closing ...
19:30:58.463 [Thread-5] INFO  c.a.d.p.DruidDataSource - [close,2277] - {dataSource-1} closed
19:30:58.612 [restartedMain] INFO  c.d.DingyangmallApplication - [logStarting,50] - Starting DingyangmallApplication using Java 17.0.12 with PID 3468 (D:\work_boss\dingyangMall\JooLun-wx\dingyangmall-wx\dingyangmall-admin\target\classes started by 33475 in D:\work_boss\dingyangMall)
19:30:58.613 [restartedMain] INFO  c.d.DingyangmallApplication - [logStartupProfileInfo,660] - The following 1 profile is active: "druid"
19:30:59.539 [restartedMain] INFO  o.a.c.h.Http11NioProtocol - [log,173] - Initializing ProtocolHandler ["http-nio-7500"]
19:30:59.540 [restartedMain] INFO  o.a.c.c.StandardService - [log,173] - Starting service [Tomcat]
19:30:59.540 [restartedMain] INFO  o.a.c.c.StandardEngine - [log,173] - Starting Servlet engine: [Apache Tomcat/10.1.30]
19:30:59.570 [restartedMain] INFO  o.a.c.c.C.[.[.[/] - [log,173] - Initializing Spring embedded WebApplicationContext
19:31:00.013 [restartedMain] INFO  c.a.d.p.DruidDataSource - [init,1002] - {dataSource-2} inited
19:31:01.460 [restartedMain] INFO  c.d.w.c.c.WxMaAutoConfiguration - [wxMaService,45] - WxMaService initialized, appId=wx43adcb652c1b2b19
19:31:02.857 [restartedMain] INFO  o.a.c.h.Http11NioProtocol - [log,173] - Starting ProtocolHandler ["http-nio-7500"]
19:31:02.893 [restartedMain] INFO  c.d.DingyangmallApplication - [logStarted,56] - Started DingyangmallApplication in 4.336 seconds (process running for 26.335)
19:31:02.900 [restartedMain] INFO  c.d.DingyangmallApplication - [main,21] - 如囍优选启动成功
19:31:06.372 [Thread-7] INFO  o.a.c.h.Http11NioProtocol - [log,173] - Stopping ProtocolHandler ["http-nio-7500"]
19:31:06.436 [Thread-7] INFO  sys-user - [shutdownAsyncManager,31] - ====关闭后台任务任务线程池====
19:31:06.440 [Thread-7] INFO  c.a.d.p.DruidDataSource - [close,2204] - {dataSource-2} closing ...
19:31:06.442 [Thread-7] INFO  c.a.d.p.DruidDataSource - [close,2277] - {dataSource-2} closed
19:31:06.640 [restartedMain] INFO  c.d.DingyangmallApplication - [logStarting,50] - Starting DingyangmallApplication using Java 17.0.12 with PID 3468 (D:\work_boss\dingyangMall\JooLun-wx\dingyangmall-wx\dingyangmall-admin\target\classes started by 33475 in D:\work_boss\dingyangMall)
19:31:06.641 [restartedMain] INFO  c.d.DingyangmallApplication - [logStartupProfileInfo,660] - The following 1 profile is active: "druid"
19:31:08.299 [restartedMain] INFO  o.a.c.h.Http11NioProtocol - [log,173] - Initializing ProtocolHandler ["http-nio-7500"]
19:31:08.300 [restartedMain] INFO  o.a.c.c.StandardService - [log,173] - Starting service [Tomcat]
19:31:08.301 [restartedMain] INFO  o.a.c.c.StandardEngine - [log,173] - Starting Servlet engine: [Apache Tomcat/10.1.30]
19:31:08.360 [restartedMain] INFO  o.a.c.c.C.[.[.[/] - [log,173] - Initializing Spring embedded WebApplicationContext
19:31:09.454 [restartedMain] INFO  c.a.d.p.DruidDataSource - [init,1002] - {dataSource-3} inited
19:31:10.152 [restartedMain] INFO  c.a.d.p.DruidDataSource - [close,2204] - {dataSource-3} closing ...
19:31:10.154 [restartedMain] INFO  c.a.d.p.DruidDataSource - [close,2277] - {dataSource-3} closed
19:31:10.160 [restartedMain] INFO  o.a.c.c.StandardService - [log,173] - Stopping service [Tomcat]
19:31:12.421 [restartedMain] INFO  c.d.DingyangmallApplication - [logStarting,50] - Starting DingyangmallApplication using Java 17.0.12 with PID 3468 (D:\work_boss\dingyangMall\JooLun-wx\dingyangmall-wx\dingyangmall-admin\target\classes started by 33475 in D:\work_boss\dingyangMall)
19:31:12.423 [restartedMain] INFO  c.d.DingyangmallApplication - [logStartupProfileInfo,660] - The following 1 profile is active: "druid"
19:31:15.093 [restartedMain] INFO  c.d.DingyangmallApplication - [logStarting,50] - Starting DingyangmallApplication using Java 17.0.12 with PID 3468 (D:\work_boss\dingyangMall\JooLun-wx\dingyangmall-wx\dingyangmall-admin\target\classes started by 33475 in D:\work_boss\dingyangMall)
19:31:15.093 [restartedMain] INFO  c.d.DingyangmallApplication - [logStartupProfileInfo,660] - The following 1 profile is active: "druid"
19:31:17.932 [restartedMain] INFO  c.d.DingyangmallApplication - [logStarting,50] - Starting DingyangmallApplication using Java 17.0.12 with PID 3468 (D:\work_boss\dingyangMall\JooLun-wx\dingyangmall-wx\dingyangmall-admin\target\classes started by 33475 in D:\work_boss\dingyangMall)
19:31:17.933 [restartedMain] INFO  c.d.DingyangmallApplication - [logStartupProfileInfo,660] - The following 1 profile is active: "druid"
19:31:40.363 [restartedMain] INFO  c.d.DingyangmallApplication - [logStarting,50] - Starting DingyangmallApplication using Java 17.0.12 with PID 3468 (D:\work_boss\dingyangMall\JooLun-wx\dingyangmall-wx\dingyangmall-admin\target\classes started by 33475 in D:\work_boss\dingyangMall)
19:31:40.365 [restartedMain] INFO  c.d.DingyangmallApplication - [logStartupProfileInfo,660] - The following 1 profile is active: "druid"
19:31:42.659 [restartedMain] INFO  c.d.DingyangmallApplication - [logStarting,50] - Starting DingyangmallApplication using Java 17.0.12 with PID 3468 (D:\work_boss\dingyangMall\JooLun-wx\dingyangmall-wx\dingyangmall-admin\target\classes started by 33475 in D:\work_boss\dingyangMall)
19:31:42.659 [restartedMain] INFO  c.d.DingyangmallApplication - [logStartupProfileInfo,660] - The following 1 profile is active: "druid"
19:31:44.866 [restartedMain] INFO  c.d.DingyangmallApplication - [logStarting,50] - Starting DingyangmallApplication using Java 17.0.12 with PID 3468 (D:\work_boss\dingyangMall\JooLun-wx\dingyangmall-wx\dingyangmall-admin\target\classes started by 33475 in D:\work_boss\dingyangMall)
19:31:44.866 [restartedMain] INFO  c.d.DingyangmallApplication - [logStartupProfileInfo,660] - The following 1 profile is active: "druid"
19:31:48.243 [restartedMain] INFO  c.d.DingyangmallApplication - [logStarting,50] - Starting DingyangmallApplication using Java 17.0.12 with PID 3468 (D:\work_boss\dingyangMall\JooLun-wx\dingyangmall-wx\dingyangmall-admin\target\classes started by 33475 in D:\work_boss\dingyangMall)
19:31:48.243 [restartedMain] INFO  c.d.DingyangmallApplication - [logStartupProfileInfo,660] - The following 1 profile is active: "druid"
19:32:07.482 [restartedMain] INFO  c.d.DingyangmallApplication - [logStarting,50] - Starting DingyangmallApplication using Java 17.0.12 with PID 3468 (D:\work_boss\dingyangMall\JooLun-wx\dingyangmall-wx\dingyangmall-admin\target\classes started by 33475 in D:\work_boss\dingyangMall)
19:32:07.482 [restartedMain] INFO  c.d.DingyangmallApplication - [logStartupProfileInfo,660] - The following 1 profile is active: "druid"
21:11:59.145 [restartedMain] INFO  c.d.DingyangmallApplication - [logStarting,50] - Starting DingyangmallApplication using Java 17.0.12 with PID 3468 (D:\work_boss\dingyangMall\JooLun-wx\dingyangmall-wx\dingyangmall-admin\target\classes started by 33475 in D:\work_boss\dingyangMall)
21:11:59.152 [restartedMain] INFO  c.d.DingyangmallApplication - [logStartupProfileInfo,660] - The following 1 profile is active: "druid"
21:12:01.850 [restartedMain] INFO  c.d.DingyangmallApplication - [logStarting,50] - Starting DingyangmallApplication using Java 17.0.12 with PID 3468 (D:\work_boss\dingyangMall\JooLun-wx\dingyangmall-wx\dingyangmall-admin\target\classes started by 33475 in D:\work_boss\dingyangMall)
21:12:01.851 [restartedMain] INFO  c.d.DingyangmallApplication - [logStartupProfileInfo,660] - The following 1 profile is active: "druid"
